Archive member included to satisfy reference by file (symbol)

/usr/lib/gcc/avr/5.4.0/../../../avr/lib/avr5/libm.a(fixsfsi.o)
                              .build/obj_kb_default/common/mousekey.o (__fixsfsi)
/usr/lib/gcc/avr/5.4.0/../../../avr/lib/avr5/libm.a(fixunssfsi.o)
                              /usr/lib/gcc/avr/5.4.0/../../../avr/lib/avr5/libm.a(fixsfsi.o) (__fixunssfsi)
/usr/lib/gcc/avr/5.4.0/../../../avr/lib/avr5/libm.a(floatsisf.o)
                              .build/obj_kb_default/common/mousekey.o (__floatsisf)
/usr/lib/gcc/avr/5.4.0/../../../avr/lib/avr5/libm.a(fp_split3.o)
                              /usr/lib/gcc/avr/5.4.0/../../../avr/lib/avr5/libm.a(fixunssfsi.o) (__fp_splitA)
/usr/lib/gcc/avr/5.4.0/../../../avr/lib/avr5/libm.a(fp_zero.o)
                              /usr/lib/gcc/avr/5.4.0/../../../avr/lib/avr5/libm.a(fixunssfsi.o) (__fp_zero)
/usr/lib/gcc/avr/5.4.0/../../../avr/lib/avr5/libm.a(mulsf3.o)
                              .build/obj_kb_default/common/mousekey.o (__mulsf3)
/usr/lib/gcc/avr/5.4.0/../../../avr/lib/avr5/libm.a(mulsf3x.o)
                              /usr/lib/gcc/avr/5.4.0/../../../avr/lib/avr5/libm.a(mulsf3.o) (__mulsf3x)
/usr/lib/gcc/avr/5.4.0/../../../avr/lib/avr5/libm.a(fp_inf.o)
                              /usr/lib/gcc/avr/5.4.0/../../../avr/lib/avr5/libm.a(mulsf3x.o) (__fp_inf)
/usr/lib/gcc/avr/5.4.0/../../../avr/lib/avr5/libm.a(fp_nan.o)
                              /usr/lib/gcc/avr/5.4.0/../../../avr/lib/avr5/libm.a(mulsf3x.o) (__fp_nan)
/usr/lib/gcc/avr/5.4.0/../../../avr/lib/avr5/libm.a(fp_pscA.o)
                              /usr/lib/gcc/avr/5.4.0/../../../avr/lib/avr5/libm.a(mulsf3x.o) (__fp_pscA)
/usr/lib/gcc/avr/5.4.0/../../../avr/lib/avr5/libm.a(fp_pscB.o)
                              /usr/lib/gcc/avr/5.4.0/../../../avr/lib/avr5/libm.a(mulsf3x.o) (__fp_pscB)
/usr/lib/gcc/avr/5.4.0/../../../avr/lib/avr5/libm.a(fp_round.o)
                              /usr/lib/gcc/avr/5.4.0/../../../avr/lib/avr5/libm.a(mulsf3.o) (__fp_round)
/usr/lib/gcc/avr/5.4.0/avr5/libgcc.a(_divmodhi4.o)
                              .build/obj_kb_default/common/mousekey.o (__divmodhi4)
/usr/lib/gcc/avr/5.4.0/avr5/libgcc.a(_exit.o)
                              /usr/lib/gcc/avr/5.4.0/../../../avr/lib/avr5/crtatmega32u4.o (exit)
/usr/lib/gcc/avr/5.4.0/avr5/libgcc.a(_tablejump2.o)
                              .build/obj_kb_default/quantum/quantum.o (__tablejump2__)
/usr/lib/gcc/avr/5.4.0/avr5/libgcc.a(_copy_data.o)
                              .build/obj_kb_default/quantum/matrix.o (__do_copy_data)
/usr/lib/gcc/avr/5.4.0/avr5/libgcc.a(_clear_bss.o)
                              .build/obj_kb_default/quantum/quantum.o (__do_clear_bss)
/usr/lib/gcc/avr/5.4.0/avr5/libgcc.a(_udivmodhi4.o)
                              /usr/lib/gcc/avr/5.4.0/avr5/libgcc.a(_divmodhi4.o) (__udivmodhi4)
/usr/lib/gcc/avr/5.4.0/../../../avr/lib/avr5/libatmega32u4.a(eerd_byte.o)
                              .build/obj_kb_default/common/eeconfig.o (eeprom_read_byte)
/usr/lib/gcc/avr/5.4.0/../../../avr/lib/avr5/libatmega32u4.a(eerd_word.o)
                              .build/obj_kb_default/common/eeconfig.o (eeprom_read_word)
/usr/lib/gcc/avr/5.4.0/../../../avr/lib/avr5/libatmega32u4.a(eeupd_byte.o)
                              .build/obj_kb_default/common/eeconfig.o (eeprom_update_byte)
/usr/lib/gcc/avr/5.4.0/../../../avr/lib/avr5/libatmega32u4.a(eeupd_word.o)
                              .build/obj_kb_default/common/eeconfig.o (eeprom_update_word)
/usr/lib/gcc/avr/5.4.0/../../../avr/lib/avr5/libatmega32u4.a(eerd_block.o)
                              /usr/lib/gcc/avr/5.4.0/../../../avr/lib/avr5/libatmega32u4.a(eerd_word.o) (eeprom_read_blraw)

Allocating common symbols
Common symbol       size              file

USB_IsInitialized   0x1               .build/obj_kb_default/protocol/lufa/LUFA-git/LUFA/Drivers/USB/Core/USBTask.o
keymap_config       0x2               .build/obj_kb_default/common/bootmagic.o
USB_DeviceState     0x1               .build/obj_kb_default/protocol/lufa/LUFA-git/LUFA/Drivers/USB/Core/USBTask.o
USB_Device_ConfigurationNumber
                    0x1               .build/obj_kb_default/protocol/lufa/LUFA-git/LUFA/Drivers/USB/Core/DeviceStandardReq.o
USB_Device_CurrentlySelfPowered
                    0x1               .build/obj_kb_default/protocol/lufa/LUFA-git/LUFA/Drivers/USB/Core/DeviceStandardReq.o
USB_ControlRequest  0x8               .build/obj_kb_default/protocol/lufa/LUFA-git/LUFA/Drivers/USB/Core/USBTask.o
USB_Device_RemoteWakeupEnabled
                    0x1               .build/obj_kb_default/protocol/lufa/LUFA-git/LUFA/Drivers/USB/Core/DeviceStandardReq.o
timer_count         0x4               .build/obj_kb_default/common/avr/timer.o

Discarded input sections

 .data          0x0000000000000000        0x0 /usr/lib/gcc/avr/5.4.0/../../../avr/lib/avr5/crtatmega32u4.o
[...]
Memory Configuration

Name             Origin             Length             Attributes
text             0x0000000000000000 0x0000000000020000 xr
data             0x0000000000800060 0x000000000000ffa0 rw !x
eeprom           0x0000000000810000 0x0000000000010000 rw !x
fuse             0x0000000000820000 0x0000000000000003 rw !x
lock             0x0000000000830000 0x0000000000000400 rw !x
signature        0x0000000000840000 0x0000000000000400 rw !x
user_signatures  0x0000000000850000 0x0000000000000400 rw !x
*default*        0x0000000000000000 0xffffffffffffffff

Linker script and memory map

Address of section .data set to 0x800100
LOAD /usr/lib/gcc/avr/5.4.0/../../../avr/lib/avr5/crtatmega32u4.o
LOAD .build/obj_kb_default/keyboards/kb/kb.o
LOAD .build/obj_kb_default/keyboards/kb/keymaps/default/keymap.o
LOAD .build/obj_kb_default/quantum/quantum.o
LOAD .build/obj_kb_default/quantum/keymap_common.o
LOAD .build/obj_kb_default/quantum/keycode_config.o
LOAD .build/obj_kb_default/quantum/process_keycode/process_leader.o
LOAD .build/obj_kb_default/quantum/matrix.o
LOAD .build/obj_kb_default/common/host.o
LOAD .build/obj_kb_default/common/keyboard.o
LOAD .build/obj_kb_default/common/action.o
LOAD .build/obj_kb_default/common/action_tapping.o
LOAD .build/obj_kb_default/common/action_macro.o
LOAD .build/obj_kb_default/common/action_layer.o
LOAD .build/obj_kb_default/common/action_util.o
LOAD .build/obj_kb_default/common/print.o
LOAD .build/obj_kb_default/common/debug.o
LOAD .build/obj_kb_default/common/util.o
LOAD .build/obj_kb_default/common/eeconfig.o
LOAD .build/obj_kb_default/common/avr/suspend.o
LOAD .build/obj_kb_default/common/avr/timer.o
LOAD .build/obj_kb_default/common/avr/bootloader.o
LOAD .build/obj_kb_default/common/avr/xprintf.o
LOAD .build/obj_kb_default/common/bootmagic.o
LOAD .build/obj_kb_default/common/mousekey.o
LOAD .build/obj_kb_default/lufa.o
LOAD .build/obj_kb_default/descriptor.o
LOAD .build/obj_kb_default/protocol/lufa/LUFA-git/LUFA/Drivers/USB/Class/Common/HIDParser.o
LOAD .build/obj_kb_default/protocol/lufa/LUFA-git/LUFA/Drivers/USB/Core/AVR8/Device_AVR8.o
LOAD .build/obj_kb_default/protocol/lufa/LUFA-git/LUFA/Drivers/USB/Core/AVR8/EndpointStream_AVR8.o
LOAD .build/obj_kb_default/protocol/lufa/LUFA-git/LUFA/Drivers/USB/Core/AVR8/Endpoint_AVR8.o
LOAD .build/obj_kb_default/protocol/lufa/LUFA-git/LUFA/Drivers/USB/Core/AVR8/Host_AVR8.o
LOAD .build/obj_kb_default/protocol/lufa/LUFA-git/LUFA/Drivers/USB/Core/AVR8/PipeStream_AVR8.o
LOAD .build/obj_kb_default/protocol/lufa/LUFA-git/LUFA/Drivers/USB/Core/AVR8/Pipe_AVR8.o
LOAD .build/obj_kb_default/protocol/lufa/LUFA-git/LUFA/Drivers/USB/Core/AVR8/USBController_AVR8.o
LOAD .build/obj_kb_default/protocol/lufa/LUFA-git/LUFA/Drivers/USB/Core/AVR8/USBInterrupt_AVR8.o
LOAD .build/obj_kb_default/protocol/lufa/LUFA-git/LUFA/Drivers/USB/Core/ConfigDescriptors.o
LOAD .build/obj_kb_default/protocol/lufa/LUFA-git/LUFA/Drivers/USB/Core/DeviceStandardReq.o
LOAD .build/obj_kb_default/protocol/lufa/LUFA-git/LUFA/Drivers/USB/Core/Events.o
LOAD .build/obj_kb_default/protocol/lufa/LUFA-git/LUFA/Drivers/USB/Core/HostStandardReq.o
LOAD .build/obj_kb_default/protocol/lufa/LUFA-git/LUFA/Drivers/USB/Core/USBTask.o
LOAD /usr/lib/gcc/avr/5.4.0/../../../avr/lib/avr5/libm.a
START GROUP
LOAD /usr/lib/gcc/avr/5.4.0/avr5/libgcc.a
LOAD /usr/lib/gcc/avr/5.4.0/../../../avr/lib/avr5/libm.a
LOAD /usr/lib/gcc/avr/5.4.0/../../../avr/lib/avr5/libc.a
LOAD /usr/lib/gcc/avr/5.4.0/../../../avr/lib/avr5/libatmega32u4.a
END GROUP
                0x0000000000020000                __TEXT_REGION_LENGTH__ = DEFINED (__TEXT_REGION_LENGTH__)?__TEXT_REGION_LENGTH__:0x20000
                0x000000000000ffa0                __DATA_REGION_LENGTH__ = DEFINED (__DATA_REGION_LENGTH__)?__DATA_REGION_LENGTH__:0xffa0
                0x0000000000010000                __EEPROM_REGION_LENGTH__ = DEFINED (__EEPROM_REGION_LENGTH__)?__EEPROM_REGION_LENGTH__:0x10000
                [0x0000000000000003]                __FUSE_REGION_LENGTH__ = DEFINED (__FUSE_REGION_LENGTH__)?__FUSE_REGION_LENGTH__:0x400
                0x0000000000000400                __LOCK_REGION_LENGTH__ = DEFINED (__LOCK_REGION_LENGTH__)?__LOCK_REGION_LENGTH__:0x400
                0x0000000000000400                __SIGNATURE_REGION_LENGTH__ = DEFINED (__SIGNATURE_REGION_LENGTH__)?__SIGNATURE_REGION_LENGTH__:0x400
                0x0000000000000400                __USER_SIGNATURE_REGION_LENGTH__ = DEFINED (__USER_SIGNATURE_REGION_LENGTH__)?__USER_SIGNATURE_REGION_LENGTH__:0x400

.hash
 *(.hash)

.dynsym
 *(.dynsym)

.dynstr
 *(.dynstr)

.gnu.version
 *(.gnu.version)

.gnu.version_d
 *(.gnu.version_d)

.gnu.version_r
 *(.gnu.version_r)

.rel.init
 *(.rel.init)

.rela.init
 *(.rela.init)

.rel.text
 *(.rel.text)
 *(.rel.text.*)
 *(.rel.gnu.linkonce.t*)

.rela.text
 *(.rela.text)
 *(.rela.text.*)
 *(.rela.gnu.linkonce.t*)

.rel.fini
 *(.rel.fini)

.rela.fini
 *(.rela.fini)

.rel.rodata
 *(.rel.rodata)
 *(.rel.rodata.*)
 *(.rel.gnu.linkonce.r*)

.rela.rodata
 *(.rela.rodata)
 *(.rela.rodata.*)
 *(.rela.gnu.linkonce.r*)

.rel.data
 *(.rel.data)
 *(.rel.data.*)
 *(.rel.gnu.linkonce.d*)

.rela.data
 *(.rela.data)
 *(.rela.data.*)
 *(.rela.gnu.linkonce.d*)

.rel.ctors
 *(.rel.ctors)

.rela.ctors
 *(.rela.ctors)

.rel.dtors
 *(.rel.dtors)

.rela.dtors
 *(.rela.dtors)

.rel.got
 *(.rel.got)

.rela.got
 *(.rela.got)

.rel.bss
 *(.rel.bss)

.rela.bss
 *(.rela.bss)

.rel.plt
 *(.rel.plt)

.rela.plt
 *(.rela.plt)

.text           0x0000000000000000     0x4894
 *(.vectors)
 .vectors       0x0000000000000000       0xac /usr/lib/gcc/avr/5.4.0/../../../avr/lib/avr5/crtatmega32u4.o
                0x0000000000000000                __vectors
                0x0000000000000000                __vector_default
 *(.vectors)
 *(.progmem.gcc*)
 .progmem.gcc_sw_table.process_record_quantum
                0x00000000000000ac       0x24 .build/obj_kb_default/quantum/quantum.o
 .progmem.gcc_sw_table.process_action
                0x00000000000000d0       0x4a .build/obj_kb_default/common/action.o
 .progmem.gcc_sw_table.is_tap_key
                0x000000000000011a       0x1c .build/obj_kb_default/common/action.o
 .progmem.gcc_sw_table.USB_Device_ProcessControlRequest
                0x0000000000000136       0x14 .build/obj_kb_default/protocol/lufa/LUFA-git/LUFA/Drivers/USB/Core/DeviceStandardReq.o
                0x000000000000014a                . = ALIGN (0x2)
                0x000000000000014a                __trampolines_start = .
 *(.trampolines)
 .trampolines   0x000000000000014a        0x0 linker stubs
 *(.trampolines*)
                0x000000000000014a                __trampolines_end = .
 *libprintf_flt.a:*(.progmem.data)
 *libc.a:*(.progmem.data)
 *(.progmem*)
 .progmem.data.keymaps
                0x000000000000014a      0x960 .build/obj_kb_default/keyboards/kb/keymaps/default/keymap.o
                0x000000000000014a                keymaps
 .progmem.data.fn_actions
                0x0000000000000aaa        0x0 .build/obj_kb_default/quantum/keymap_common.o
                0x0000000000000aaa                fn_actions
 .progmem.data.ProductString
                0x0000000000000aaa       0x14 .build/obj_kb_default/descriptor.o
                0x0000000000000aaa                ProductString
 .progmem.data.ManufacturerString
                0x0000000000000abe       0x18 .build/obj_kb_default/descriptor.o
                0x0000000000000abe                ManufacturerString
 .progmem.data.LanguageString
                0x0000000000000ad6        0x4 .build/obj_kb_default/descriptor.o
                0x0000000000000ad6                LanguageString
 .progmem.data.ConfigurationDescriptor
                0x0000000000000ada       0x6d .build/obj_kb_default/descriptor.o
                0x0000000000000ada                ConfigurationDescriptor
 .progmem.data.DeviceDescriptor
                0x0000000000000b47       0x12 .build/obj_kb_default/descriptor.o
                0x0000000000000b47                DeviceDescriptor
 .progmem.data.NKROReport
                0x0000000000000b59       0x39 .build/obj_kb_default/descriptor.o
                0x0000000000000b59                NKROReport
 .progmem.data.ExtrakeyReport
                0x0000000000000b92       0x36 .build/obj_kb_default/descriptor.o
                0x0000000000000b92                ExtrakeyReport
 .progmem.data.MouseReport
                0x0000000000000bc8       0x4d .build/obj_kb_default/descriptor.o
                0x0000000000000bc8                MouseReport
 .progmem.data.KeyboardReport
                0x0000000000000c15       0x40 .build/obj_kb_default/descriptor.o
                0x0000000000000c15                KeyboardReport
                0x0000000000000c56                . = ALIGN (0x2)
 *fill*         0x0000000000000c55        0x1 
 *(.jumptables)
 *(.jumptables*)
 *(.lowtext)
 *(.lowtext*)
                0x0000000000000c56                __ctors_start = .
 *(.ctors)
                0x0000000000000c56                __ctors_end = .
                0x0000000000000c56                __dtors_start = .
 *(.dtors)
                0x0000000000000c56                __dtors_end = .
 SORT(*)(.ctors)
 SORT(*)(.dtors)
 *(.init0)
 .init0         0x0000000000000c56        0x0 /usr/lib/gcc/avr/5.4.0/../../../avr/lib/avr5/crtatmega32u4.o
                0x0000000000000c56                __init
 *(.init0)
 *(.init1)
 *(.init1)
 *(.init2)
 .init2         0x0000000000000c56        0xc /usr/lib/gcc/avr/5.4.0/../../../avr/lib/avr5/crtatmega32u4.o
 *(.init2)
 *(.init3)
 .init3         0x0000000000000c62       0x54 .build/obj_kb_default/common/avr/bootloader.o
                0x0000000000000c62                bootloader_jump_after_watchdog_reset
 *(.init3)
 *(.init4)
 .init4         0x0000000000000cb6       0x16 /usr/lib/gcc/avr/5.4.0/avr5/libgcc.a(_copy_data.o)
                0x0000000000000cb6                __do_copy_data
 .init4         0x0000000000000ccc       0x10 /usr/lib/gcc/avr/5.4.0/avr5/libgcc.a(_clear_bss.o)
                0x0000000000000ccc                __do_clear_bss
 *(.init4)
 *(.init5)
 *(.init5)
 *(.init6)
 *(.init6)
 *(.init7)
 *(.init7)
 *(.init8)
 *(.init8)
 *(.init9)
 .init9         0x0000000000000cdc        0x8 /usr/lib/gcc/avr/5.4.0/../../../avr/lib/avr5/crtatmega32u4.o
 *(.init9)
 *(.text)
 .text          0x0000000000000ce4        0x4 /usr/lib/gcc/avr/5.4.0/../../../avr/lib/avr5/crtatmega32u4.o
                0x0000000000000ce4                __vector_38
                0x0000000000000ce4                __vector_22
                0x0000000000000ce4                __vector_28
                0x0000000000000ce4                __vector_1
                0x0000000000000ce4                __vector_32
                0x0000000000000ce4                __vector_34
                0x0000000000000ce4                __vector_24
                0x0000000000000ce4                __bad_interrupt
                0x0000000000000ce4                __vector_6
                0x0000000000000ce4                __vector_31
                0x0000000000000ce4                __vector_35
                0x0000000000000ce4                __vector_39
                0x0000000000000ce4                __vector_3
                0x0000000000000ce4                __vector_23
                0x0000000000000ce4                __vector_30
                0x0000000000000ce4                __vector_25
                0x0000000000000ce4                __vector_13
                0x0000000000000ce4                __vector_17
                0x0000000000000ce4                __vector_19
                0x0000000000000ce4                __vector_7
                0x0000000000000ce4                __vector_41
                0x0000000000000ce4                __vector_27
                0x0000000000000ce4                __vector_5
                0x0000000000000ce4                __vector_33
                0x0000000000000ce4                __vector_37
                0x0000000000000ce4                __vector_4
                0x0000000000000ce4                __vector_9
                0x0000000000000ce4                __vector_2
                0x0000000000000ce4                __vector_15
                0x0000000000000ce4                __vector_36
                0x0000000000000ce4                __vector_29
                0x0000000000000ce4                __vector_40
                0x0000000000000ce4                __vector_8
                0x0000000000000ce4                __vector_26
                0x0000000000000ce4                __vector_14
                0x0000000000000ce4                __vector_16
                0x0000000000000ce4                __vector_18
                0x0000000000000ce4                __vector_20
                0x0000000000000ce4                __vector_42
                0x0000000000000ce8                . = ALIGN (0x2)
 *(.text.*)
 .text.action_get_macro
                0x0000000000000ce8        0x6 .build/obj_kb_default/keyboards/kb/keymaps/default/keymap.o
                0x0000000000000ce8                action_get_macro
 .text.matrix_init_user
                0x0000000000000cee        0x2 .build/obj_kb_default/keyboards/kb/keymaps/default/keymap.o
                0x0000000000000cee                matrix_init_user
 .text.matrix_scan_user
                0x0000000000000cf0        0x2 .build/obj_kb_default/keyboards/kb/keymaps/default/keymap.o
                0x0000000000000cf0                matrix_scan_user
 .text.process_record_user
                0x0000000000000cf2        0x4 .build/obj_kb_default/keyboards/kb/keymaps/default/keymap.o
                0x0000000000000cf2                process_record_user
 .text.led_set_user
                0x0000000000000cf6        0x2 .build/obj_kb_default/keyboards/kb/keymaps/default/keymap.o
                0x0000000000000cf6                led_set_user
 .text.process_action_kb
                0x0000000000000cf8        0x4 .build/obj_kb_default/quantum/quantum.o
                0x0000000000000cf8                process_action_kb
 .text.process_record_kb
                0x0000000000000cfc        0x4 .build/obj_kb_default/quantum/quantum.o
                0x0000000000000cfc                process_record_kb
 .text.reset_keyboard
                0x0000000000000d00       0x1a .build/obj_kb_default/quantum/quantum.o
                0x0000000000000d00                reset_keyboard
 .text.process_record_quantum
                0x0000000000000d1a      0x222 .build/obj_kb_default/quantum/quantum.o
                0x0000000000000d1a                process_record_quantum
 .text.matrix_init_quantum
                0x0000000000000f3c        0x4 .build/obj_kb_default/quantum/quantum.o
                0x0000000000000f3c                matrix_init_quantum
 .text.matrix_scan_quantum
                0x0000000000000f40        0x4 .build/obj_kb_default/quantum/quantum.o
                0x0000000000000f40                matrix_scan_quantum
 .text.led_set_kb
                0x0000000000000f44        0x4 .build/obj_kb_default/quantum/quantum.o
                0x0000000000000f44                led_set_kb
 .text.led_set  0x0000000000000f48        0x4 .build/obj_kb_default/quantum/quantum.o
                0x0000000000000f48                led_set
 .text.action_function
                0x0000000000000f4c        0x2 .build/obj_kb_default/quantum/keymap_common.o
                0x0000000000000f4c                action_function
 .text.keymap_key_to_keycode
                0x0000000000000f4e       0x26 .build/obj_kb_default/quantum/keymap_common.o
                0x0000000000000f4e                keymap_key_to_keycode
 .text.keymap_function_id_to_action
                0x0000000000000f74       0x10 .build/obj_kb_default/quantum/keymap_common.o
                0x0000000000000f74                keymap_function_id_to_action
 .text.action_for_key
                0x0000000000000f84      0x2f2 .build/obj_kb_default/quantum/keymap_common.o
                0x0000000000000f84                action_for_key
 .text.keycode_config
                0x0000000000001276       0xf8 .build/obj_kb_default/quantum/keycode_config.o
                0x0000000000001276                keycode_config
 .text.leader_start
                0x000000000000136e        0x2 .build/obj_kb_default/quantum/process_keycode/process_leader.o
                0x000000000000136e                leader_start
 .text.process_leader
                0x0000000000001370       0x9e .build/obj_kb_default/quantum/process_keycode/process_leader.o
                0x0000000000001370                process_leader
 .text.matrix_init_kb
                0x000000000000140e        0x4 .build/obj_kb_default/quantum/matrix.o
                0x000000000000140e                matrix_init_kb
 .text.matrix_scan_kb
                0x0000000000001412        0x4 .build/obj_kb_default/quantum/matrix.o
                0x0000000000001412                matrix_scan_kb
 .text.matrix_init
                0x0000000000001416       0xaa .build/obj_kb_default/quantum/matrix.o
                0x0000000000001416                matrix_init
 .text.matrix_scan
                0x00000000000014c0      0x16e .build/obj_kb_default/quantum/matrix.o
                0x00000000000014c0                matrix_scan
 .text.matrix_get_row
                0x000000000000162e       0x12 .build/obj_kb_default/quantum/matrix.o
                0x000000000000162e                matrix_get_row
 .text.matrix_print
                0x0000000000001640        0x2 .build/obj_kb_default/quantum/matrix.o
                0x0000000000001640                matrix_print
 .text.host_set_driver
                0x0000000000001642        0xa .build/obj_kb_default/common/host.o
                0x0000000000001642                host_set_driver
 .text.host_keyboard_leds
                0x000000000000164c       0x18 .build/obj_kb_default/common/host.o
                0x000000000000164c                host_keyboard_leds
 .text.host_keyboard_send
                0x0000000000001664       0x16 .build/obj_kb_default/common/host.o
                0x0000000000001664                host_keyboard_send
 .text.host_mouse_send
                0x000000000000167a       0x16 .build/obj_kb_default/common/host.o
                0x000000000000167a                host_mouse_send
 .text.host_system_send
                0x0000000000001690       0x2c .build/obj_kb_default/common/host.o
                0x0000000000001690                host_system_send
 .text.host_consumer_send
                0x00000000000016bc       0x2c .build/obj_kb_default/common/host.o
                0x00000000000016bc                host_consumer_send
 .text.matrix_setup
                0x00000000000016e8        0x2 .build/obj_kb_default/common/keyboard.o
                0x00000000000016e8                matrix_setup
 .text.keyboard_setup
                0x00000000000016ea        0x4 .build/obj_kb_default/common/keyboard.o
                0x00000000000016ea                keyboard_setup
 .text.keyboard_init
                0x00000000000016ee        0xc .build/obj_kb_default/common/keyboard.o
                0x00000000000016ee                keyboard_init
 .text.keyboard_task
                0x00000000000016fa      0x170 .build/obj_kb_default/common/keyboard.o
                0x00000000000016fa                keyboard_task
 .text.action_exec
                0x000000000000186a       0x5c .build/obj_kb_default/common/action.o
                0x000000000000186a                action_exec
 .text.register_code
                0x00000000000018c6      0x190 .build/obj_kb_default/common/action.o
                0x00000000000018c6                register_code
 .text.unregister_code
                0x0000000000001a56       0x9e .build/obj_kb_default/common/action.o
                0x0000000000001a56                unregister_code
 .text.register_mods
                0x0000000000001af4        0xe .build/obj_kb_default/common/action.o
                0x0000000000001af4                register_mods
 .text.unregister_mods
                0x0000000000001b02        0xe .build/obj_kb_default/common/action.o
                0x0000000000001b02                unregister_mods
 .text.process_action
                0x0000000000001b10      0x412 .build/obj_kb_default/common/action.o
                0x0000000000001b10                process_action
 .text.process_record
                0x0000000000001f22       0x5c .build/obj_kb_default/common/action.o
                0x0000000000001f22                process_record
 .text.clear_keyboard_but_mods
                0x0000000000001f7e       0x28 .build/obj_kb_default/common/action.o
                0x0000000000001f7e                clear_keyboard_but_mods
 .text.clear_keyboard
                0x0000000000001fa6        0x8 .build/obj_kb_default/common/action.o
                0x0000000000001fa6                clear_keyboard
 .text.is_tap_key
                0x0000000000001fae       0x4c .build/obj_kb_default/common/action.o
                0x0000000000001fae                is_tap_key
 .text.debug_event
                0x0000000000001ffa       0x1e .build/obj_kb_default/common/action.o
                0x0000000000001ffa                debug_event
 .text.debug_record
                0x0000000000002018       0x20 .build/obj_kb_default/common/action.o
                0x0000000000002018                debug_record
 .text.debug_waiting_buffer
                0x0000000000002038       0x42 .build/obj_kb_default/common/action_tapping.o
 .text.debug_tapping_key
                0x000000000000207a       0x1c .build/obj_kb_default/common/action_tapping.o
 .text.waiting_buffer_scan_tap
                0x0000000000002096       0xd0 .build/obj_kb_default/common/action_tapping.o
 .text.process_tapping
                0x0000000000002166      0x3c0 .build/obj_kb_default/common/action_tapping.o
 .text.action_tapping_process
                0x0000000000002526      0x15c .build/obj_kb_default/common/action_tapping.o
                0x0000000000002526                action_tapping_process
 .text.action_macro_play
                0x0000000000002682       0xfa .build/obj_kb_default/common/action_macro.o
                0x0000000000002682                action_macro_play
 .text.default_layer_debug
                0x000000000000277c        0x2 .build/obj_kb_default/common/action_layer.o
                0x000000000000277c                default_layer_debug
 .text.default_layer_set
                0x000000000000277e       0x14 .build/obj_kb_default/common/action_layer.o
                0x000000000000277e                default_layer_set
 .text.default_layer_or
                0x0000000000002792       0x38 .build/obj_kb_default/common/action_layer.o
                0x0000000000002792                default_layer_or
 .text.default_layer_and
                0x00000000000027ca       0x38 .build/obj_kb_default/common/action_layer.o
                0x00000000000027ca                default_layer_and
 .text.default_layer_xor
                0x0000000000002802       0x38 .build/obj_kb_default/common/action_layer.o
                0x0000000000002802                default_layer_xor
 .text.layer_clear
                0x000000000000283a       0x14 .build/obj_kb_default/common/action_layer.o
                0x000000000000283a                layer_clear
 .text.layer_move
                0x000000000000284e       0x2a .build/obj_kb_default/common/action_layer.o
                0x000000000000284e                layer_move
 .text.layer_on
                0x0000000000002878       0x42 .build/obj_kb_default/common/action_layer.o
                0x0000000000002878                layer_on
 .text.layer_off
                0x00000000000028ba       0x4a .build/obj_kb_default/common/action_layer.o
                0x00000000000028ba                layer_off
 .text.layer_invert
                0x0000000000002904       0x42 .build/obj_kb_default/common/action_layer.o
                0x0000000000002904                layer_invert
 .text.layer_or
                0x0000000000002946       0x38 .build/obj_kb_default/common/action_layer.o
                0x0000000000002946                layer_or
 .text.layer_and
                0x000000000000297e       0x38 .build/obj_kb_default/common/action_layer.o
                0x000000000000297e                layer_and
 .text.layer_xor
                0x00000000000029b6       0x38 .build/obj_kb_default/common/action_layer.o
                0x00000000000029b6                layer_xor
 .text.layer_debug
                0x00000000000029ee        0x2 .build/obj_kb_default/common/action_layer.o
                0x00000000000029ee                layer_debug
 .text.update_source_layers_cache
                0x00000000000029f0       0x56 .build/obj_kb_default/common/action_layer.o
                0x00000000000029f0                update_source_layers_cache
 .text.read_source_layers_cache
                0x0000000000002a46       0x58 .build/obj_kb_default/common/action_layer.o
                0x0000000000002a46                read_source_layers_cache
 .text.layer_switch_get_layer
                0x0000000000002a9e       0x7e .build/obj_kb_default/common/action_layer.o
                0x0000000000002a9e                layer_switch_get_layer
 .text.layer_switch_get_action
                0x0000000000002b1c       0x16 .build/obj_kb_default/common/action_layer.o
                0x0000000000002b1c                layer_switch_get_action
 .text.store_or_get_action
                0x0000000000002b32       0x46 .build/obj_kb_default/common/action_layer.o
                0x0000000000002b32                store_or_get_action
 .text.get_oneshot_layer
                0x0000000000002b78        0xc .build/obj_kb_default/common/action_util.o
                0x0000000000002b78                get_oneshot_layer
 .text.get_oneshot_layer_state
                0x0000000000002b84        0x8 .build/obj_kb_default/common/action_util.o
                0x0000000000002b84                get_oneshot_layer_state
 .text.set_oneshot_layer
                0x0000000000002b8c       0x12 .build/obj_kb_default/common/action_util.o
                0x0000000000002b8c                set_oneshot_layer
 .text.clear_oneshot_layer_state
                0x0000000000002b9e       0x2e .build/obj_kb_default/common/action_util.o
                0x0000000000002b9e                clear_oneshot_layer_state
 .text.is_oneshot_layer_active
                0x0000000000002bcc        0xe .build/obj_kb_default/common/action_util.o
                0x0000000000002bcc                is_oneshot_layer_active
 .text.add_key  0x0000000000002bda       0x7e .build/obj_kb_default/common/action_util.o
                0x0000000000002bda                add_key
 .text.del_key  0x0000000000002c58       0x66 .build/obj_kb_default/common/action_util.o
                0x0000000000002c58                del_key
 .text.clear_keys
                0x0000000000002cbe       0x1c .build/obj_kb_default/common/action_util.o
                0x0000000000002cbe                clear_keys
 .text.add_mods
                0x0000000000002cda        0xc .build/obj_kb_default/common/action_util.o
                0x0000000000002cda                add_mods
 .text.del_mods
                0x0000000000002ce6        0xe .build/obj_kb_default/common/action_util.o
                0x0000000000002ce6                del_mods
 .text.clear_mods
                0x0000000000002cf4        0x6 .build/obj_kb_default/common/action_util.o
                0x0000000000002cf4                clear_mods
 .text.add_weak_mods
                0x0000000000002cfa        0xc .build/obj_kb_default/common/action_util.o
                0x0000000000002cfa                add_weak_mods
 .text.del_weak_mods
                0x0000000000002d06        0xe .build/obj_kb_default/common/action_util.o
                0x0000000000002d06                del_weak_mods
 .text.clear_weak_mods
                0x0000000000002d14        0x6 .build/obj_kb_default/common/action_util.o
                0x0000000000002d14                clear_weak_mods
 .text.add_macro_mods
                0x0000000000002d1a        0xc .build/obj_kb_default/common/action_util.o
                0x0000000000002d1a                add_macro_mods
 .text.del_macro_mods
                0x0000000000002d26        0xe .build/obj_kb_default/common/action_util.o
                0x0000000000002d26                del_macro_mods
 .text.clear_macro_mods
                0x0000000000002d34        0x6 .build/obj_kb_default/common/action_util.o
                0x0000000000002d34                clear_macro_mods
 .text.set_oneshot_mods
                0x0000000000002d3a        0x6 .build/obj_kb_default/common/action_util.o
                0x0000000000002d3a                set_oneshot_mods
 .text.clear_oneshot_mods
                0x0000000000002d40        0x6 .build/obj_kb_default/common/action_util.o
                0x0000000000002d40                clear_oneshot_mods
 .text.has_anykey
                0x0000000000002d46       0x22 .build/obj_kb_default/common/action_util.o
                0x0000000000002d46                has_anykey
 .text.send_keyboard_report
                0x0000000000002d68       0x5e .build/obj_kb_default/common/action_util.o
                0x0000000000002d68                send_keyboard_report
 .text.eeconfig_init
                0x0000000000002dc6       0x34 .build/obj_kb_default/common/eeconfig.o
                0x0000000000002dc6                eeconfig_init
 .text.eeconfig_is_enabled
                0x0000000000002dfa       0x16 .build/obj_kb_default/common/eeconfig.o
                0x0000000000002dfa                eeconfig_is_enabled
 .text.eeconfig_read_debug
                0x0000000000002e10        0x8 .build/obj_kb_default/common/eeconfig.o
                0x0000000000002e10                eeconfig_read_debug
 .text.eeconfig_update_debug
                0x0000000000002e18        0xa .build/obj_kb_default/common/eeconfig.o
                0x0000000000002e18                eeconfig_update_debug
 .text.eeconfig_read_default_layer
                0x0000000000002e22        0x8 .build/obj_kb_default/common/eeconfig.o
                0x0000000000002e22                eeconfig_read_default_layer
 .text.eeconfig_update_default_layer
                0x0000000000002e2a        0xa .build/obj_kb_default/common/eeconfig.o
                0x0000000000002e2a                eeconfig_update_default_layer
 .text.eeconfig_read_keymap
                0x0000000000002e34        0x8 .build/obj_kb_default/common/eeconfig.o
                0x0000000000002e34                eeconfig_read_keymap
 .text.eeconfig_update_keymap
                0x0000000000002e3c        0xa .build/obj_kb_default/common/eeconfig.o
                0x0000000000002e3c                eeconfig_update_keymap
 .text.suspend_power_down
                0x0000000000002e46       0x58 .build/obj_kb_default/common/avr/suspend.o
                0x0000000000002e46                suspend_power_down
 .text.matrix_power_down
                0x0000000000002e9e        0x2 .build/obj_kb_default/common/avr/suspend.o
                0x0000000000002e9e                matrix_power_down
 .text.matrix_power_up
                0x0000000000002ea0        0x4 .build/obj_kb_default/common/avr/suspend.o
                0x0000000000002ea0                matrix_power_up
 .text.suspend_wakeup_condition
                0x0000000000002ea4       0x2a .build/obj_kb_default/common/avr/suspend.o
                0x0000000000002ea4                suspend_wakeup_condition
 .text.suspend_wakeup_init
                0x0000000000002ece        0xc .build/obj_kb_default/common/avr/suspend.o
                0x0000000000002ece                suspend_wakeup_init
 .text.__vector_12
                0x0000000000002eda       0x52 .build/obj_kb_default/common/avr/suspend.o
                0x0000000000002eda                __vector_12
 .text.timer_init
                0x0000000000002f2c       0x12 .build/obj_kb_default/common/avr/timer.o
                0x0000000000002f2c                timer_init
 .text.timer_read
                0x0000000000002f3e       0x18 .build/obj_kb_default/common/avr/timer.o
                0x0000000000002f3e                timer_read
 .text.timer_elapsed
                0x0000000000002f56       0x54 .build/obj_kb_default/common/avr/timer.o
                0x0000000000002f56                timer_elapsed
 .text.__vector_21
                0x0000000000002faa       0x4a .build/obj_kb_default/common/avr/timer.o
                0x0000000000002faa                __vector_21
 .text.bootloader_jump
                0x0000000000002ff4       0x44 .build/obj_kb_default/common/avr/bootloader.o
                0x0000000000002ff4                bootloader_jump
 .text.scan_keycode
                0x0000000000003038       0x7c .build/obj_kb_default/common/bootmagic.o
 .text.bootmagic_scan_keycode
                0x00000000000030b4       0x1c .build/obj_kb_default/common/bootmagic.o
                0x00000000000030b4                bootmagic_scan_keycode
 .text.bootmagic
                0x00000000000030d0      0x252 .build/obj_kb_default/common/bootmagic.o
                0x00000000000030d0                bootmagic
 .text.move_unit
                0x0000000000003322       0x92 .build/obj_kb_default/common/mousekey.o
 .text.wheel_unit
                0x00000000000033b4       0x72 .build/obj_kb_default/common/mousekey.o
 .text.mousekey_on
                0x0000000000003426       0xd0 .build/obj_kb_default/common/mousekey.o
                0x0000000000003426                mousekey_on
 .text.mousekey_off
                0x00000000000034f6      0x10a .build/obj_kb_default/common/mousekey.o
                0x00000000000034f6                mousekey_off
 .text.mousekey_send
                0x0000000000003600       0x16 .build/obj_kb_default/common/mousekey.o
                0x0000000000003600                mousekey_send
 .text.mousekey_task
                0x0000000000003616      0x14a .build/obj_kb_default/common/mousekey.o
                0x0000000000003616                mousekey_task
 .text.mousekey_clear
                0x0000000000003760       0x18 .build/obj_kb_default/common/mousekey.o
                0x0000000000003760                mousekey_clear
 .text.keyboard_leds
                0x0000000000003778        0x6 .build/obj_kb_default/lufa.o
 .text.send_consumer
                0x000000000000377e       0x68 .build/obj_kb_default/lufa.o
 .text.send_system
                0x00000000000037e6       0x6c .build/obj_kb_default/lufa.o
 .text.send_mouse
                0x0000000000003852       0x46 .build/obj_kb_default/lufa.o
 .text.send_keyboard
                0x0000000000003898       0xa2 .build/obj_kb_default/lufa.o
 .text.EVENT_USB_Device_Connect
                0x000000000000393a       0x1c .build/obj_kb_default/lufa.o
                0x000000000000393a                EVENT_USB_Device_Connect
 .text.EVENT_USB_Device_Disconnect
                0x0000000000003956        0x6 .build/obj_kb_default/lufa.o
                0x0000000000003956                EVENT_USB_Device_Disconnect
 .text.EVENT_USB_Device_Reset
                0x000000000000395c        0x2 .build/obj_kb_default/lufa.o
                0x000000000000395c                EVENT_USB_Device_Reset
 .text.EVENT_USB_Device_Suspend
                0x000000000000395e        0x2 .build/obj_kb_default/lufa.o
                0x000000000000395e                EVENT_USB_Device_Suspend
 .text.EVENT_USB_Device_WakeUp
                0x0000000000003960        0x4 .build/obj_kb_default/lufa.o
                0x0000000000003960                EVENT_USB_Device_WakeUp
 .text.EVENT_USB_Device_ConfigurationChanged
                0x0000000000003964       0x28 .build/obj_kb_default/lufa.o
                0x0000000000003964                EVENT_USB_Device_ConfigurationChanged
 .text.EVENT_USB_Device_ControlRequest
                0x000000000000398c      0x164 .build/obj_kb_default/lufa.o
                0x000000000000398c                EVENT_USB_Device_ControlRequest
 .text.startup.main
                0x0000000000003af0       0x76 .build/obj_kb_default/lufa.o
                0x0000000000003af0                main
 .text.CALLBACK_USB_GetDescriptor
                0x0000000000003b66       0xac .build/obj_kb_default/descriptor.o
                0x0000000000003b66                CALLBACK_USB_GetDescriptor
 .text.USB_Device_SendRemoteWakeup
                0x0000000000003c12       0x2c .build/obj_kb_default/protocol/lufa/LUFA-git/LUFA/Drivers/USB/Core/AVR8/Device_AVR8.o
                0x0000000000003c12                USB_Device_SendRemoteWakeup
 .text.Endpoint_Write_Stream_LE
                0x0000000000003c3e       0x96 .build/obj_kb_default/protocol/lufa/LUFA-git/LUFA/Drivers/USB/Core/AVR8/EndpointStream_AVR8.o
                0x0000000000003c3e                Endpoint_Write_Stream_LE
 .text.Endpoint_Write_Control_Stream_LE
                0x0000000000003cd4       0xbc .build/obj_kb_default/protocol/lufa/LUFA-git/LUFA/Drivers/USB/Core/AVR8/EndpointStream_AVR8.o
                0x0000000000003cd4                Endpoint_Write_Control_Stream_LE
 .text.Endpoint_Write_Control_PStream_LE
                0x0000000000003d90       0xc2 .build/obj_kb_default/protocol/lufa/LUFA-git/LUFA/Drivers/USB/Core/AVR8/EndpointStream_AVR8.o
                0x0000000000003d90                Endpoint_Write_Control_PStream_LE
 .text.Endpoint_ConfigureEndpoint_Prv
                0x0000000000003e52       0x6a .build/obj_kb_default/protocol/lufa/LUFA-git/LUFA/Drivers/USB/Core/AVR8/Endpoint_AVR8.o
                0x0000000000003e52                Endpoint_ConfigureEndpoint_Prv
 .text.Endpoint_ClearStatusStage
                0x0000000000003ebc       0x3e .build/obj_kb_default/protocol/lufa/LUFA-git/LUFA/Drivers/USB/Core/AVR8/Endpoint_AVR8.o
                0x0000000000003ebc                Endpoint_ClearStatusStage
 .text.Endpoint_WaitUntilReady
                0x0000000000003efa       0x66 .build/obj_kb_default/protocol/lufa/LUFA-git/LUFA/Drivers/USB/Core/AVR8/Endpoint_AVR8.o
                0x0000000000003efa                Endpoint_WaitUntilReady
 .text.USB_Disable
                0x0000000000003f60       0x34 .build/obj_kb_default/protocol/lufa/LUFA-git/LUFA/Drivers/USB/Core/AVR8/USBController_AVR8.o
                0x0000000000003f60                USB_Disable
 .text.USB_ResetInterface
                0x0000000000003f94       0x86 .build/obj_kb_default/protocol/lufa/LUFA-git/LUFA/Drivers/USB/Core/AVR8/USBController_AVR8.o
                0x0000000000003f94                USB_ResetInterface
 .text.USB_Init
                0x000000000000401a       0x22 .build/obj_kb_default/protocol/lufa/LUFA-git/LUFA/Drivers/USB/Core/AVR8/USBController_AVR8.o
                0x000000000000401a                USB_Init
 .text.USB_INT_DisableAllInterrupts
                0x000000000000403c       0x10 .build/obj_kb_default/protocol/lufa/LUFA-git/LUFA/Drivers/USB/Core/AVR8/USBInterrupt_AVR8.o
                0x000000000000403c                USB_INT_DisableAllInterrupts
 .text.USB_INT_ClearAllInterrupts
                0x000000000000404c        0xa .build/obj_kb_default/protocol/lufa/LUFA-git/LUFA/Drivers/USB/Core/AVR8/USBInterrupt_AVR8.o
                0x000000000000404c                USB_INT_ClearAllInterrupts
 .text.__vector_10
                0x0000000000004056      0x1a4 .build/obj_kb_default/protocol/lufa/LUFA-git/LUFA/Drivers/USB/Core/AVR8/USBInterrupt_AVR8.o
                0x0000000000004056                __vector_10
 .text.__vector_11
                0x00000000000041fa       0x88 .build/obj_kb_default/protocol/lufa/LUFA-git/LUFA/Drivers/USB/Core/AVR8/USBInterrupt_AVR8.o
                0x00000000000041fa                __vector_11
 .text.USB_Device_ProcessControlRequest
                0x0000000000004282      0x2ac .build/obj_kb_default/protocol/lufa/LUFA-git/LUFA/Drivers/USB/Core/DeviceStandardReq.o
                0x0000000000004282                USB_Device_ProcessControlRequest
 .text.USB_Event_Stub
                0x000000000000452e        0x2 .build/obj_kb_default/protocol/lufa/LUFA-git/LUFA/Drivers/USB/Core/Events.o
                0x000000000000452e                USB_Event_Stub
                0x000000000000452e                EVENT_USB_Device_StartOfFrame
 .text.USB_USBTask
                0x0000000000004530       0x36 .build/obj_kb_default/protocol/lufa/LUFA-git/LUFA/Drivers/USB/Core/USBTask.o
                0x0000000000004530                USB_USBTask
 .text.avr-libc.fplib
                0x0000000000004566        0xe /usr/lib/gcc/avr/5.4.0/../../../avr/lib/avr5/libm.a(fixsfsi.o)
                0x0000000000004566                __fixsfsi
 .text.avr-libc.fplib
                0x0000000000004574       0x5e /usr/lib/gcc/avr/5.4.0/../../../avr/lib/avr5/libm.a(fixunssfsi.o)
                0x0000000000004574                __fixunssfsi
 .text.avr-libc.fplib
                0x00000000000045d2       0x7a /usr/lib/gcc/avr/5.4.0/../../../avr/lib/avr5/libm.a(floatsisf.o)
                0x00000000000045d2                __floatunsisf
                0x00000000000045d6                __floatsisf
 .text.avr-libc.fplib
                0x000000000000464c       0x44 /usr/lib/gcc/avr/5.4.0/../../../avr/lib/avr5/libm.a(fp_split3.o)
                0x000000000000464c                __fp_split3
                0x000000000000465c                __fp_splitA
 .text.avr-libc.fplib
                0x0000000000004690        0xe /usr/lib/gcc/avr/5.4.0/../../../avr/lib/avr5/libm.a(fp_zero.o)
                0x0000000000004690                __fp_zero
                0x0000000000004692                __fp_szero
 .text.avr-libc.fplib
                0x000000000000469e        0x8 /usr/lib/gcc/avr/5.4.0/../../../avr/lib/avr5/libm.a(mulsf3.o)
                0x000000000000469e                __mulsf3
 .text.avr-libc.fplib
                0x00000000000046a6       0xd2 /usr/lib/gcc/avr/5.4.0/../../../avr/lib/avr5/libm.a(mulsf3x.o)
                0x00000000000046c4                __mulsf3x
                0x00000000000046ca                __mulsf3_pse
 .text.avr-libc.fplib
                0x0000000000004778        0xc /usr/lib/gcc/avr/5.4.0/../../../avr/lib/avr5/libm.a(fp_inf.o)
                0x0000000000004778                __fp_inf
 .text.avr-libc.fplib
                0x0000000000004784        0x6 /usr/lib/gcc/avr/5.4.0/../../../avr/lib/avr5/libm.a(fp_nan.o)
                0x0000000000004784                __fp_nan
 .text.avr-libc.fplib
                0x000000000000478a        0xe /usr/lib/gcc/avr/5.4.0/../../../avr/lib/avr5/libm.a(fp_pscA.o)
                0x000000000000478a                __fp_pscA
 .text.avr-libc.fplib
                0x0000000000004798        0xe /usr/lib/gcc/avr/5.4.0/../../../avr/lib/avr5/libm.a(fp_pscB.o)
                0x0000000000004798                __fp_pscB
 .text.avr-libc.fplib
                0x00000000000047a6       0x22 /usr/lib/gcc/avr/5.4.0/../../../avr/lib/avr5/libm.a(fp_round.o)
                0x00000000000047a6                __fp_round
 .text.libgcc.div
                0x00000000000047c8       0x28 /usr/lib/gcc/avr/5.4.0/avr5/libgcc.a(_divmodhi4.o)
                0x00000000000047c8                __divmodhi4
                0x00000000000047c8                _div
 .text.libgcc   0x00000000000047f0        0xc /usr/lib/gcc/avr/5.4.0/avr5/libgcc.a(_tablejump2.o)
                0x00000000000047f0                __tablejump2__
 .text.libgcc.div
                0x00000000000047fc       0x28 /usr/lib/gcc/avr/5.4.0/avr5/libgcc.a(_udivmodhi4.o)
                0x00000000000047fc                __udivmodhi4
 .text.avr-libc
                0x0000000000004824       0x10 /usr/lib/gcc/avr/5.4.0/../../../avr/lib/avr5/libatmega32u4.a(eerd_byte.o)
                0x0000000000004824                eeprom_read_byte
 .text.avr-libc
                0x0000000000004834        0xc /usr/lib/gcc/avr/5.4.0/../../../avr/lib/avr5/libatmega32u4.a(eerd_word.o)
                0x0000000000004834                eeprom_read_word
 .text.avr-libc
                0x0000000000004840       0x24 /usr/lib/gcc/avr/5.4.0/../../../avr/lib/avr5/libatmega32u4.a(eeupd_byte.o)
                0x0000000000004840                eeprom_update_byte
                0x0000000000004842                eeprom_update_r18
 .text.avr-libc
                0x0000000000004864        0xc /usr/lib/gcc/avr/5.4.0/../../../avr/lib/avr5/libatmega32u4.a(eeupd_word.o)
                0x0000000000004864                eeprom_update_word
 .text.avr-libc
                0x0000000000004870       0x20 /usr/lib/gcc/avr/5.4.0/../../../avr/lib/avr5/libatmega32u4.a(eerd_block.o)
                0x0000000000004870                eeprom_read_block
                0x0000000000004874                eeprom_read_blraw
                0x0000000000004890                . = ALIGN (0x2)
 *(.fini9)
 .fini9         0x0000000000004890        0x0 /usr/lib/gcc/avr/5.4.0/avr5/libgcc.a(_exit.o)
                0x0000000000004890                exit
                0x0000000000004890                _exit
 *(.fini9)
 *(.fini8)
 *(.fini8)
 *(.fini7)
 *(.fini7)
 *(.fini6)
 *(.fini6)
 *(.fini5)
 *(.fini5)
 *(.fini4)
 *(.fini4)
 *(.fini3)
 *(.fini3)
 *(.fini2)
 *(.fini2)
 *(.fini1)
 *(.fini1)
 *(.fini0)
 .fini0         0x0000000000004890        0x4 /usr/lib/gcc/avr/5.4.0/avr5/libgcc.a(_exit.o)
 *(.fini0)
                0x0000000000004894                _etext = .

.data           0x0000000000800100       0x3c load address 0x0000000000004894
                0x0000000000800100                PROVIDE (__data_start, .)
 *(.data)
 *(.data*)
 .data.keyboard_report
                0x0000000000800100        0x2 .build/obj_kb_default/common/action_util.o
                0x0000000000800100                keyboard_report
 .data.mk_wheel_time_to_max
                0x0000000000800102        0x1 .build/obj_kb_default/common/mousekey.o
                0x0000000000800102                mk_wheel_time_to_max
 .data.mk_wheel_max_speed
                0x0000000000800103        0x1 .build/obj_kb_default/common/mousekey.o
                0x0000000000800103                mk_wheel_max_speed
 .data.mk_time_to_max
                0x0000000000800104        0x1 .build/obj_kb_default/common/mousekey.o
                0x0000000000800104                mk_time_to_max
 .data.mk_max_speed
                0x0000000000800105        0x1 .build/obj_kb_default/common/mousekey.o
                0x0000000000800105                mk_max_speed
 .data.mk_interval
                0x0000000000800106        0x1 .build/obj_kb_default/common/mousekey.o
                0x0000000000800106                mk_interval
 .data.mk_delay
                0x0000000000800107        0x1 .build/obj_kb_default/common/mousekey.o
                0x0000000000800107                mk_delay
 .data.lufa_driver
                0x0000000000800108        0xa .build/obj_kb_default/lufa.o
                0x0000000000800108                lufa_driver
 .data.keyboard_protocol
                0x0000000000800112        0x1 .build/obj_kb_default/lufa.o
                0x0000000000800112                keyboard_protocol
 *(.rodata)
 *(.rodata*)
 .rodata.col_pins
                0x0000000000800113        0xf .build/obj_kb_default/quantum/matrix.o
 .rodata.row_pins
                0x0000000000800122        0x5 .build/obj_kb_default/quantum/matrix.o
 .rodata.CSWTCH.3
                0x0000000000800127        0x4 .build/obj_kb_default/descriptor.o
 .rodata.CSWTCH.2
                0x000000000080012b        0x8 .build/obj_kb_default/descriptor.o
 .rodata.CSWTCH.1
                0x0000000000800133        0x8 .build/obj_kb_default/descriptor.o
 *(.gnu.linkonce.d*)
                0x000000000080013c                . = ALIGN (0x2)
 *fill*         0x000000000080013b        0x1 
                0x000000000080013c                _edata = .
                0x000000000080013c                PROVIDE (__data_end, .)

.bss            0x000000000080013c      0x112
                0x000000000080013c                PROVIDE (__bss_start, .)
 *(.bss)
 *(.bss*)
 .bss.scs_timer
                0x000000000080013c        0x2 .build/obj_kb_default/quantum/quantum.o
 .bss.shift_interrupted
                0x000000000080013e        0x2 .build/obj_kb_default/quantum/quantum.o
 .bss.leader_sequence_size
                0x0000000000800140        0x1 .build/obj_kb_default/quantum/process_keycode/process_leader.o
                0x0000000000800140                leader_sequence_size
 .bss.leader_sequence
                0x0000000000800141        0xa .build/obj_kb_default/quantum/process_keycode/process_leader.o
                0x0000000000800141                leader_sequence
 .bss.leader_time
                0x000000000080014b        0x2 .build/obj_kb_default/quantum/process_keycode/process_leader.o
                0x000000000080014b                leader_time
 .bss.leading   0x000000000080014d        0x1 .build/obj_kb_default/quantum/process_keycode/process_leader.o
                0x000000000080014d                leading
 .bss.matrix_debouncing
                0x000000000080014e        0xa .build/obj_kb_default/quantum/matrix.o
 .bss.matrix    0x0000000000800158        0xa .build/obj_kb_default/quantum/matrix.o
 .bss.debouncing
                0x0000000000800162        0x1 .build/obj_kb_default/quantum/matrix.o
 .bss.debouncing_time
                0x0000000000800163        0x2 .build/obj_kb_default/quantum/matrix.o
 .bss.last_consumer_report
                0x0000000000800165        0x2 .build/obj_kb_default/common/host.o
 .bss.last_system_report
                0x0000000000800167        0x2 .build/obj_kb_default/common/host.o
 .bss.driver    0x0000000000800169        0x2 .build/obj_kb_default/common/host.o
 .bss.led_status.5060
                0x000000000080016b        0x1 .build/obj_kb_default/common/keyboard.o
 .bss.matrix_prev.5059
                0x000000000080016c        0xa .build/obj_kb_default/common/keyboard.o
 .bss.disable_action_cache
                0x0000000000800176        0x1 .build/obj_kb_default/common/action.o
                0x0000000000800176                disable_action_cache
 .bss.waiting_buffer_tail
                0x0000000000800177        0x1 .build/obj_kb_default/common/action_tapping.o
 .bss.waiting_buffer_head
                0x0000000000800178        0x1 .build/obj_kb_default/common/action_tapping.o
 .bss.waiting_buffer
                0x0000000000800179       0x30 .build/obj_kb_default/common/action_tapping.o
 .bss.tapping_key
                0x00000000008001a9        0x6 .build/obj_kb_default/common/action_tapping.o
 .bss.source_layers_cache
                0x00000000008001af       0x32 .build/obj_kb_default/common/action_layer.o
                0x00000000008001af                source_layers_cache
 .bss.layer_state
                0x00000000008001e1        0x4 .build/obj_kb_default/common/action_layer.o
                0x00000000008001e1                layer_state
 .bss.default_layer_state
                0x00000000008001e5        0x4 .build/obj_kb_default/common/action_layer.o
                0x00000000008001e5                default_layer_state
 .bss.oneshot_layer_data
                0x00000000008001e9        0x1 .build/obj_kb_default/common/action_util.o
 .bss.oneshot_mods
                0x00000000008001ea        0x1 .build/obj_kb_default/common/action_util.o
 .bss.__compound_literal.0
                0x00000000008001eb       0x20 .build/obj_kb_default/common/action_util.o
 .bss.macro_mods
                0x000000000080020b        0x1 .build/obj_kb_default/common/action_util.o
 .bss.weak_mods
                0x000000000080020c        0x1 .build/obj_kb_default/common/action_util.o
 .bss.real_mods
                0x000000000080020d        0x1 .build/obj_kb_default/common/action_util.o
 .bss.debug_config
                0x000000000080020e        0x1 .build/obj_kb_default/common/debug.o
                0x000000000080020e                debug_config
 .bss.wdt_timeout
                0x000000000080020f        0x1 .build/obj_kb_default/common/avr/suspend.o
 .bss.last_timer
                0x0000000000800210        0x2 .build/obj_kb_default/common/mousekey.o
 .bss.mousekey_accel
                0x0000000000800212        0x1 .build/obj_kb_default/common/mousekey.o
 .bss.mousekey_repeat
                0x0000000000800213        0x1 .build/obj_kb_default/common/mousekey.o
 .bss.mouse_report
                0x0000000000800214        0x5 .build/obj_kb_default/common/mousekey.o
 .bss.keyboard_report_sent
                0x0000000000800219       0x20 .build/obj_kb_default/lufa.o
 .bss.keyboard_led_stats
                0x0000000000800239        0x1 .build/obj_kb_default/lufa.o
 .bss.keyboard_idle
                0x000000000080023a        0x1 .build/obj_kb_default/lufa.o
                0x000000000080023a                keyboard_idle
 *(COMMON)
 COMMON         0x000000000080023b        0x4 .build/obj_kb_default/common/avr/timer.o
                0x000000000080023b                timer_count
 COMMON         0x000000000080023f        0x2 .build/obj_kb_default/common/bootmagic.o
                0x000000000080023f                keymap_config
 COMMON         0x0000000000800241        0x3 .build/obj_kb_default/protocol/lufa/LUFA-git/LUFA/Drivers/USB/Core/DeviceStandardReq.o
                0x0000000000800241                USB_Device_ConfigurationNumber
                0x0000000000800242                USB_Device_CurrentlySelfPowered
                0x0000000000800243                USB_Device_RemoteWakeupEnabled
 COMMON         0x0000000000800244        0xa .build/obj_kb_default/protocol/lufa/LUFA-git/LUFA/Drivers/USB/Core/USBTask.o
                0x0000000000800244                USB_IsInitialized
                0x0000000000800245                USB_DeviceState
                0x0000000000800246                USB_ControlRequest
                0x000000000080024e                PROVIDE (__bss_end, .)
                0x0000000000004894                __data_load_start = LOADADDR (.data)
                0x00000000000048d0                __data_load_end = (__data_load_start + SIZEOF (.data))

.noinit         0x000000000080024e        0x4
                [!provide]                        PROVIDE (__noinit_start, .)
 *(.noinit*)
 .noinit        0x000000000080024e        0x4 .build/obj_kb_default/common/avr/bootloader.o
                0x000000000080024e                reset_key
                [!provide]                        PROVIDE (__noinit_end, .)
                0x0000000000800252                _end = .
                [!provide]                        PROVIDE (__heap_start, .)

.eeprom         0x0000000000810000        0x0
 *(.eeprom*)
                0x0000000000810000                __eeprom_end = .

.fuse
 *(.fuse)
 *(.lfuse)
 *(.hfuse)
 *(.efuse)

.lock
 *(.lock*)

.signature
 *(.signature*)

.user_signatures
 *(.user_signatures*)

.stab
 *(.stab)

.stabstr        0x0000000000000000       0x6f
 *(.stabstr)
 .stabstr       0x0000000000000000       0x6f .build/obj_kb_default/common/avr/xprintf.o

.stab.excl
 *(.stab.excl)

.stab.exclstr
 *(.stab.exclstr)

.stab.index
 *(.stab.index)

.stab.indexstr
 *(.stab.indexstr)

.comment        0x0000000000000000       0x11
 *(.comment)
 .comment       0x0000000000000000       0x11 .build/obj_kb_default/keyboards/kb/keymaps/default/keymap.o
                                         0x12 (size before relaxing)
 .comment       0x0000000000000011       0x12 .build/obj_kb_default/quantum/quantum.o
 .comment       0x0000000000000011       0x12 .build/obj_kb_default/quantum/keymap_common.o
 .comment       0x0000000000000011       0x12 .build/obj_kb_default/quantum/keycode_config.o
 .comment       0x0000000000000011       0x12 .build/obj_kb_default/quantum/process_keycode/process_leader.o
 .comment       0x0000000000000011       0x12 .build/obj_kb_default/quantum/matrix.o
 .comment       0x0000000000000011       0x12 .build/obj_kb_default/common/host.o
 .comment       0x0000000000000011       0x12 .build/obj_kb_default/common/keyboard.o
 .comment       0x0000000000000011       0x12 .build/obj_kb_default/common/action.o
 .comment       0x0000000000000011       0x12 .build/obj_kb_default/common/action_tapping.o
 .comment       0x0000000000000011       0x12 .build/obj_kb_default/common/action_macro.o
 .comment       0x0000000000000011       0x12 .build/obj_kb_default/common/action_layer.o
 .comment       0x0000000000000011       0x12 .build/obj_kb_default/common/action_util.o
 .comment       0x0000000000000011       0x12 .build/obj_kb_default/common/debug.o
 .comment       0x0000000000000011       0x12 .build/obj_kb_default/common/eeconfig.o
 .comment       0x0000000000000011       0x12 .build/obj_kb_default/common/avr/suspend.o
 .comment       0x0000000000000011       0x12 .build/obj_kb_default/common/avr/timer.o
 .comment       0x0000000000000011       0x12 .build/obj_kb_default/common/avr/bootloader.o
 .comment       0x0000000000000011       0x12 .build/obj_kb_default/common/bootmagic.o
 .comment       0x0000000000000011       0x12 .build/obj_kb_default/common/mousekey.o
 .comment       0x0000000000000011       0x12 .build/obj_kb_default/lufa.o
 .comment       0x0000000000000011       0x12 .build/obj_kb_default/descriptor.o
 .comment       0x0000000000000011       0x12 .build/obj_kb_default/protocol/lufa/LUFA-git/LUFA/Drivers/USB/Core/AVR8/Device_AVR8.o
 .comment       0x0000000000000011       0x12 .build/obj_kb_default/protocol/lufa/LUFA-git/LUFA/Drivers/USB/Core/AVR8/EndpointStream_AVR8.o
 .comment       0x0000000000000011       0x12 .build/obj_kb_default/protocol/lufa/LUFA-git/LUFA/Drivers/USB/Core/AVR8/Endpoint_AVR8.o
 .comment       0x0000000000000011       0x12 .build/obj_kb_default/protocol/lufa/LUFA-git/LUFA/Drivers/USB/Core/AVR8/USBController_AVR8.o
 .comment       0x0000000000000011       0x12 .build/obj_kb_default/protocol/lufa/LUFA-git/LUFA/Drivers/USB/Core/AVR8/USBInterrupt_AVR8.o
 .comment       0x0000000000000011       0x12 .build/obj_kb_default/protocol/lufa/LUFA-git/LUFA/Drivers/USB/Core/DeviceStandardReq.o
 .comment       0x0000000000000011       0x12 .build/obj_kb_default/protocol/lufa/LUFA-git/LUFA/Drivers/USB/Core/Events.o
 .comment       0x0000000000000011       0x12 .build/obj_kb_default/protocol/lufa/LUFA-git/LUFA/Drivers/USB/Core/USBTask.o

.note.gnu.avr.deviceinfo
                0x0000000000000000       0x40
 .note.gnu.avr.deviceinfo
                0x0000000000000000       0x40 /usr/lib/gcc/avr/5.4.0/../../../avr/lib/avr5/crtatmega32u4.o

.note.gnu.build-id
 *(.note.gnu.build-id)

.debug
 *(.debug)

.line
 *(.line)

.debug_srcinfo
 *(.debug_srcinfo)

.debug_sfnames
 *(.debug_sfnames)

.debug_aranges  0x0000000000000000      0x9c0
 *(.debug_aranges)
 .debug_aranges
                0x0000000000000000       0x38 .build/obj_kb_default/keyboards/kb/keymaps/default/keymap.o
 .debug_aranges
                0x0000000000000038       0xc8 .build/obj_kb_default/quantum/quantum.o
 .debug_aranges
                0x0000000000000100       0x40 .build/obj_kb_default/quantum/keymap_common.o
 .debug_aranges
                0x0000000000000140       0x20 .build/obj_kb_default/quantum/keycode_config.o
 .debug_aranges
                0x0000000000000160       0x28 .build/obj_kb_default/quantum/process_keycode/process_leader.o
 .debug_aranges
                0x0000000000000188       0x88 .build/obj_kb_default/quantum/matrix.o
 .debug_aranges
                0x0000000000000210       0x60 .build/obj_kb_default/common/host.o
 .debug_aranges
                0x0000000000000270       0x40 .build/obj_kb_default/common/keyboard.o
 .debug_aranges
                0x00000000000002b0       0x90 .build/obj_kb_default/common/action.o
 .debug_aranges
                0x0000000000000340       0x40 .build/obj_kb_default/common/action_tapping.o
 .debug_aranges
                0x0000000000000380       0x20 .build/obj_kb_default/common/action_macro.o
 .debug_aranges
                0x00000000000003a0       0xa8 .build/obj_kb_default/common/action_layer.o
 .debug_aranges
                0x0000000000000448      0x128 .build/obj_kb_default/common/action_util.o
 .debug_aranges
                0x0000000000000570       0x18 .build/obj_kb_default/common/debug.o
 .debug_aranges
                0x0000000000000588       0x68 .build/obj_kb_default/common/eeconfig.o
 .debug_aranges
                0x00000000000005f0       0x48 .build/obj_kb_default/common/avr/suspend.o
 .debug_aranges
                0x0000000000000638       0x50 .build/obj_kb_default/common/avr/timer.o
 .debug_aranges
                0x0000000000000688       0x28 .build/obj_kb_default/common/avr/bootloader.o
 .debug_aranges
                0x00000000000006b0       0x30 .build/obj_kb_default/common/bootmagic.o
 .debug_aranges
                0x00000000000006e0       0x50 .build/obj_kb_default/common/mousekey.o
 .debug_aranges
                0x0000000000000730       0x80 .build/obj_kb_default/lufa.o
 .debug_aranges
                0x00000000000007b0       0x20 .build/obj_kb_default/descriptor.o
 .debug_aranges
                0x00000000000007d0       0x20 .build/obj_kb_default/protocol/lufa/LUFA-git/LUFA/Drivers/USB/Core/AVR8/Device_AVR8.o
 .debug_aranges
                0x00000000000007f0       0xc8 .build/obj_kb_default/protocol/lufa/LUFA-git/LUFA/Drivers/USB/Core/AVR8/EndpointStream_AVR8.o
 .debug_aranges
                0x00000000000008b8       0x40 .build/obj_kb_default/protocol/lufa/LUFA-git/LUFA/Drivers/USB/Core/AVR8/Endpoint_AVR8.o
 .debug_aranges
                0x00000000000008f8       0x30 .build/obj_kb_default/protocol/lufa/LUFA-git/LUFA/Drivers/USB/Core/AVR8/USBController_AVR8.o
 .debug_aranges
                0x0000000000000928       0x38 .build/obj_kb_default/protocol/lufa/LUFA-git/LUFA/Drivers/USB/Core/AVR8/USBInterrupt_AVR8.o
 .debug_aranges
                0x0000000000000960       0x20 .build/obj_kb_default/protocol/lufa/LUFA-git/LUFA/Drivers/USB/Core/DeviceStandardReq.o
 .debug_aranges
                0x0000000000000980       0x20 .build/obj_kb_default/protocol/lufa/LUFA-git/LUFA/Drivers/USB/Core/Events.o
 .debug_aranges
                0x00000000000009a0       0x20 .build/obj_kb_default/protocol/lufa/LUFA-git/LUFA/Drivers/USB/Core/USBTask.o

.debug_pubnames
 *(.debug_pubnames)

.debug_info     0x0000000000000000    0x10224
 *(.debug_info .gnu.linkonce.wi.*)
 .debug_info    0x0000000000000000      0x9f4 /usr/lib/gcc/avr/5.4.0/../../../avr/lib/avr5/crtatmega32u4.o
 .debug_info    0x00000000000009f4      0x6ef .build/obj_kb_default/keyboards/kb/keymaps/default/keymap.o
 .debug_info    0x00000000000010e3     0x15e0 .build/obj_kb_default/quantum/quantum.o
 .debug_info    0x00000000000026c3     0x10eb .build/obj_kb_default/quantum/keymap_common.o
 .debug_info    0x00000000000037ae      0x583 .build/obj_kb_default/quantum/keycode_config.o
 .debug_info    0x0000000000003d31      0x567 .build/obj_kb_default/quantum/process_keycode/process_leader.o
 .debug_info    0x0000000000004298      0x6a6 .build/obj_kb_default/quantum/matrix.o
 .debug_info    0x000000000000493e      0x4a9 .build/obj_kb_default/common/host.o
 .debug_info    0x0000000000004de7      0x424 .build/obj_kb_default/common/keyboard.o
 .debug_info    0x000000000000520b     0x17c4 .build/obj_kb_default/common/action.o
 .debug_info    0x00000000000069cf      0xde0 .build/obj_kb_default/common/action_tapping.o
 .debug_info    0x00000000000077af      0x78c .build/obj_kb_default/common/action_macro.o
 .debug_info    0x0000000000007f3b      0xaa0 .build/obj_kb_default/common/action_layer.o
 .debug_info    0x00000000000089db      0x964 .build/obj_kb_default/common/action_util.o
 .debug_info    0x000000000000933f       0xfc .build/obj_kb_default/common/debug.o
 .debug_info    0x000000000000943b      0x37b .build/obj_kb_default/common/eeconfig.o
 .debug_info    0x00000000000097b6      0x2c9 .build/obj_kb_default/common/avr/suspend.o
 .debug_info    0x0000000000009a7f      0x391 .build/obj_kb_default/common/avr/timer.o
 .debug_info    0x0000000000009e10      0x206 .build/obj_kb_default/common/avr/bootloader.o
 .debug_info    0x000000000000a016      0xad9 .build/obj_kb_default/common/bootmagic.o
 .debug_info    0x000000000000aaef      0x5e6 .build/obj_kb_default/common/mousekey.o
 .debug_info    0x000000000000b0d5     0x10ec .build/obj_kb_default/lufa.o
 .debug_info    0x000000000000c1c1      0x7c6 .build/obj_kb_default/descriptor.o
 .debug_info    0x000000000000c987       0xd2 .build/obj_kb_default/protocol/lufa/LUFA-git/LUFA/Drivers/USB/Core/AVR8/Device_AVR8.o
 .debug_info    0x000000000000ca59     0x17c8 .build/obj_kb_default/protocol/lufa/LUFA-git/LUFA/Drivers/USB/Core/AVR8/EndpointStream_AVR8.o
 .debug_info    0x000000000000e221      0x620 .build/obj_kb_default/protocol/lufa/LUFA-git/LUFA/Drivers/USB/Core/AVR8/Endpoint_AVR8.o
 .debug_info    0x000000000000e841      0x4e7 .build/obj_kb_default/protocol/lufa/LUFA-git/LUFA/Drivers/USB/Core/AVR8/USBController_AVR8.o
 .debug_info    0x000000000000ed28      0x7e7 .build/obj_kb_default/protocol/lufa/LUFA-git/LUFA/Drivers/USB/Core/AVR8/USBInterrupt_AVR8.o
 .debug_info    0x000000000000f50f      0xa2b .build/obj_kb_default/protocol/lufa/LUFA-git/LUFA/Drivers/USB/Core/DeviceStandardReq.o
 .debug_info    0x000000000000ff3a       0x78 .build/obj_kb_default/protocol/lufa/LUFA-git/LUFA/Drivers/USB/Core/Events.o
 .debug_info    0x000000000000ffb2      0x272 .build/obj_kb_default/protocol/lufa/LUFA-git/LUFA/Drivers/USB/Core/USBTask.o

.debug_abbrev   0x0000000000000000     0x410b
 *(.debug_abbrev)
 .debug_abbrev  0x0000000000000000      0x96a /usr/lib/gcc/avr/5.4.0/../../../avr/lib/avr5/crtatmega32u4.o
 .debug_abbrev  0x000000000000096a      0x16f .build/obj_kb_default/keyboards/kb/keymaps/default/keymap.o
 .debug_abbrev  0x0000000000000ad9      0x393 .build/obj_kb_default/quantum/quantum.o
 .debug_abbrev  0x0000000000000e6c      0x22f .build/obj_kb_default/quantum/keymap_common.o
 .debug_abbrev  0x000000000000109b       0xd2 .build/obj_kb_default/quantum/keycode_config.o
 .debug_abbrev  0x000000000000116d      0x152 .build/obj_kb_default/quantum/process_keycode/process_leader.o
 .debug_abbrev  0x00000000000012bf      0x2da .build/obj_kb_default/quantum/matrix.o
 .debug_abbrev  0x0000000000001599      0x183 .build/obj_kb_default/common/host.o
 .debug_abbrev  0x000000000000171c      0x1f1 .build/obj_kb_default/common/keyboard.o
 .debug_abbrev  0x000000000000190d      0x2ed .build/obj_kb_default/common/action.o
 .debug_abbrev  0x0000000000001bfa      0x2c3 .build/obj_kb_default/common/action_tapping.o
 .debug_abbrev  0x0000000000001ebd      0x162 .build/obj_kb_default/common/action_macro.o
 .debug_abbrev  0x000000000000201f      0x279 .build/obj_kb_default/common/action_layer.o
 .debug_abbrev  0x0000000000002298      0x2e0 .build/obj_kb_default/common/action_util.o
 .debug_abbrev  0x0000000000002578       0x87 .build/obj_kb_default/common/debug.o
 .debug_abbrev  0x00000000000025ff       0xc2 .build/obj_kb_default/common/eeconfig.o
 .debug_abbrev  0x00000000000026c1      0x1cc .build/obj_kb_default/common/avr/suspend.o
 .debug_abbrev  0x000000000000288d      0x17e .build/obj_kb_default/common/avr/timer.o
 .debug_abbrev  0x0000000000002a0b      0x171 .build/obj_kb_default/common/avr/bootloader.o
 .debug_abbrev  0x0000000000002b7c      0x219 .build/obj_kb_default/common/bootmagic.o
 .debug_abbrev  0x0000000000002d95      0x1b4 .build/obj_kb_default/common/mousekey.o
 .debug_abbrev  0x0000000000002f49      0x3bf .build/obj_kb_default/lufa.o
 .debug_abbrev  0x0000000000003308      0x184 .build/obj_kb_default/descriptor.o
 .debug_abbrev  0x000000000000348c       0x80 .build/obj_kb_default/protocol/lufa/LUFA-git/LUFA/Drivers/USB/Core/AVR8/Device_AVR8.o
 .debug_abbrev  0x000000000000350c      0x1ea .build/obj_kb_default/protocol/lufa/LUFA-git/LUFA/Drivers/USB/Core/AVR8/EndpointStream_AVR8.o
 .debug_abbrev  0x00000000000036f6      0x226 .build/obj_kb_default/protocol/lufa/LUFA-git/LUFA/Drivers/USB/Core/AVR8/Endpoint_AVR8.o
 .debug_abbrev  0x000000000000391c      0x191 .build/obj_kb_default/protocol/lufa/LUFA-git/LUFA/Drivers/USB/Core/AVR8/USBController_AVR8.o
 .debug_abbrev  0x0000000000003aad      0x213 .build/obj_kb_default/protocol/lufa/LUFA-git/LUFA/Drivers/USB/Core/AVR8/USBInterrupt_AVR8.o
 .debug_abbrev  0x0000000000003cc0      0x29c .build/obj_kb_default/protocol/lufa/LUFA-git/LUFA/Drivers/USB/Core/DeviceStandardReq.o
 .debug_abbrev  0x0000000000003f5c       0x44 .build/obj_kb_default/protocol/lufa/LUFA-git/LUFA/Drivers/USB/Core/Events.o
 .debug_abbrev  0x0000000000003fa0      0x16b .build/obj_kb_default/protocol/lufa/LUFA-git/LUFA/Drivers/USB/Core/USBTask.o

.debug_line     0x0000000000000000     0x73f0
 *(.debug_line .debug_line.* .debug_line_end)
 .debug_line    0x0000000000000000       0x1a /usr/lib/gcc/avr/5.4.0/../../../avr/lib/avr5/crtatmega32u4.o
 .debug_line    0x000000000000001a      0x144 .build/obj_kb_default/keyboards/kb/keymaps/default/keymap.o
 .debug_line    0x000000000000015e      0x726 .build/obj_kb_default/quantum/quantum.o
 .debug_line    0x0000000000000884      0x357 .build/obj_kb_default/quantum/keymap_common.o
 .debug_line    0x0000000000000bdb      0x13a .build/obj_kb_default/quantum/keycode_config.o
 .debug_line    0x0000000000000d15      0x1a3 .build/obj_kb_default/quantum/process_keycode/process_leader.o
 .debug_line    0x0000000000000eb8      0x327 .build/obj_kb_default/quantum/matrix.o
 .debug_line    0x00000000000011df      0x1ca .build/obj_kb_default/common/host.o
 .debug_line    0x00000000000013a9      0x213 .build/obj_kb_default/common/keyboard.o
 .debug_line    0x00000000000015bc      0x893 .build/obj_kb_default/common/action.o
 .debug_line    0x0000000000001e4f      0x51d .build/obj_kb_default/common/action_tapping.o
 .debug_line    0x000000000000236c      0x1bb .build/obj_kb_default/common/action_macro.o
 .debug_line    0x0000000000002527      0x33e .build/obj_kb_default/common/action_layer.o
 .debug_line    0x0000000000002865      0x53d .build/obj_kb_default/common/action_util.o
 .debug_line    0x0000000000002da2       0x63 .build/obj_kb_default/common/debug.o
 .debug_line    0x0000000000002e05      0x178 .build/obj_kb_default/common/eeconfig.o
 .debug_line    0x0000000000002f7d      0x27f .build/obj_kb_default/common/avr/suspend.o
 .debug_line    0x00000000000031fc      0x224 .build/obj_kb_default/common/avr/timer.o
 .debug_line    0x0000000000003420      0x1c1 .build/obj_kb_default/common/avr/bootloader.o
 .debug_line    0x00000000000035e1      0x39e .build/obj_kb_default/common/bootmagic.o
 .debug_line    0x000000000000397f      0x5ea .build/obj_kb_default/common/mousekey.o
 .debug_line    0x0000000000003f69      0x7f8 .build/obj_kb_default/lufa.o
 .debug_line    0x0000000000004761      0x208 .build/obj_kb_default/descriptor.o
 .debug_line    0x0000000000004969      0x13c .build/obj_kb_default/protocol/lufa/LUFA-git/LUFA/Drivers/USB/Core/AVR8/Device_AVR8.o
 .debug_line    0x0000000000004aa5     0x1454 .build/obj_kb_default/protocol/lufa/LUFA-git/LUFA/Drivers/USB/Core/AVR8/EndpointStream_AVR8.o
 .debug_line    0x0000000000005ef9      0x50b .build/obj_kb_default/protocol/lufa/LUFA-git/LUFA/Drivers/USB/Core/AVR8/Endpoint_AVR8.o
 .debug_line    0x0000000000006404      0x357 .build/obj_kb_default/protocol/lufa/LUFA-git/LUFA/Drivers/USB/Core/AVR8/USBController_AVR8.o
 .debug_line    0x000000000000675b      0x5b9 .build/obj_kb_default/protocol/lufa/LUFA-git/LUFA/Drivers/USB/Core/AVR8/USBInterrupt_AVR8.o
 .debug_line    0x0000000000006d14      0x4c6 .build/obj_kb_default/protocol/lufa/LUFA-git/LUFA/Drivers/USB/Core/DeviceStandardReq.o
 .debug_line    0x00000000000071da       0x6e .build/obj_kb_default/protocol/lufa/LUFA-git/LUFA/Drivers/USB/Core/Events.o
 .debug_line    0x0000000000007248      0x1a8 .build/obj_kb_default/protocol/lufa/LUFA-git/LUFA/Drivers/USB/Core/USBTask.o

.debug_frame    0x0000000000000000     0x1940
 *(.debug_frame)
 .debug_frame   0x0000000000000000       0x64 .build/obj_kb_default/keyboards/kb/keymaps/default/keymap.o
 .debug_frame   0x0000000000000064      0x274 .build/obj_kb_default/quantum/quantum.o
 .debug_frame   0x00000000000002d8       0x64 .build/obj_kb_default/quantum/keymap_common.o
 .debug_frame   0x000000000000033c       0x24 .build/obj_kb_default/quantum/keycode_config.o
 .debug_frame   0x0000000000000360       0x58 .build/obj_kb_default/quantum/process_keycode/process_leader.o
 .debug_frame   0x00000000000003b8      0x190 .build/obj_kb_default/quantum/matrix.o
 .debug_frame   0x0000000000000548       0xa4 .build/obj_kb_default/common/host.o
 .debug_frame   0x00000000000005ec       0xc4 .build/obj_kb_default/common/keyboard.o
 .debug_frame   0x00000000000006b0      0x19c .build/obj_kb_default/common/action.o
 .debug_frame   0x000000000000084c       0xdc .build/obj_kb_default/common/action_tapping.o
 .debug_frame   0x0000000000000928       0x48 .build/obj_kb_default/common/action_macro.o
 .debug_frame   0x0000000000000970      0x1dc .build/obj_kb_default/common/action_layer.o
 .debug_frame   0x0000000000000b4c      0x240 .build/obj_kb_default/common/action_util.o
 .debug_frame   0x0000000000000d8c       0xb4 .build/obj_kb_default/common/eeconfig.o
 .debug_frame   0x0000000000000e40       0xb0 .build/obj_kb_default/common/avr/suspend.o
 .debug_frame   0x0000000000000ef0       0xf0 .build/obj_kb_default/common/avr/timer.o
 .debug_frame   0x0000000000000fe0       0x34 .build/obj_kb_default/common/avr/bootloader.o
 .debug_frame   0x0000000000001014       0x8c .build/obj_kb_default/common/bootmagic.o
 .debug_frame   0x00000000000010a0       0x98 .build/obj_kb_default/common/mousekey.o
 .debug_frame   0x0000000000001138      0x128 .build/obj_kb_default/lufa.o
 .debug_frame   0x0000000000001260       0x24 .build/obj_kb_default/descriptor.o
 .debug_frame   0x0000000000001284       0x24 .build/obj_kb_default/protocol/lufa/LUFA-git/LUFA/Drivers/USB/Core/AVR8/Device_AVR8.o
 .debug_frame   0x00000000000012a8      0x42c .build/obj_kb_default/protocol/lufa/LUFA-git/LUFA/Drivers/USB/Core/AVR8/EndpointStream_AVR8.o
 .debug_frame   0x00000000000016d4       0x7c .build/obj_kb_default/protocol/lufa/LUFA-git/LUFA/Drivers/USB/Core/AVR8/Endpoint_AVR8.o
 .debug_frame   0x0000000000001750       0x5c .build/obj_kb_default/protocol/lufa/LUFA-git/LUFA/Drivers/USB/Core/AVR8/USBController_AVR8.o
 .debug_frame   0x00000000000017ac      0x108 .build/obj_kb_default/protocol/lufa/LUFA-git/LUFA/Drivers/USB/Core/AVR8/USBInterrupt_AVR8.o
 .debug_frame   0x00000000000018b4       0x3c .build/obj_kb_default/protocol/lufa/LUFA-git/LUFA/Drivers/USB/Core/DeviceStandardReq.o
 .debug_frame   0x00000000000018f0       0x24 .build/obj_kb_default/protocol/lufa/LUFA-git/LUFA/Drivers/USB/Core/Events.o
 .debug_frame   0x0000000000001914       0x2c .build/obj_kb_default/protocol/lufa/LUFA-git/LUFA/Drivers/USB/Core/USBTask.o

.debug_str      0x0000000000000000     0x4627
 *(.debug_str)
 .debug_str     0x0000000000000000      0x371 /usr/lib/gcc/avr/5.4.0/../../../avr/lib/avr5/crtatmega32u4.o
 .debug_str     0x0000000000000371      0x812 .build/obj_kb_default/keyboards/kb/keymaps/default/keymap.o
                                        0x880 (size before relaxing)
 .debug_str     0x0000000000000b83      0x8e3 .build/obj_kb_default/quantum/quantum.o
                                       0x118b (size before relaxing)
 .debug_str     0x0000000000001466      0x655 .build/obj_kb_default/quantum/keymap_common.o
                                       0x13b9 (size before relaxing)
 .debug_str     0x0000000000001abb       0x19 .build/obj_kb_default/quantum/keycode_config.o
                                        0x82b (size before relaxing)
 .debug_str     0x0000000000001ad4       0x6d .build/obj_kb_default/quantum/process_keycode/process_leader.o
                                        0x7a5 (size before relaxing)
 .debug_str     0x0000000000001b41      0x175 .build/obj_kb_default/quantum/matrix.o
                                        0x3fa (size before relaxing)
 .debug_str     0x0000000000001cb6      0x12f .build/obj_kb_default/common/host.o
                                        0x39b (size before relaxing)
 .debug_str     0x0000000000001de5       0xd6 .build/obj_kb_default/common/keyboard.o
                                        0x370 (size before relaxing)
 .debug_str     0x0000000000001ebb      0x38f .build/obj_kb_default/common/action.o
                                       0x12c0 (size before relaxing)
 .debug_str     0x000000000000224a       0xe8 .build/obj_kb_default/common/action_tapping.o
                                        0xb32 (size before relaxing)
 .debug_str     0x0000000000002332       0x76 .build/obj_kb_default/common/action_macro.o
                                        0x8b6 (size before relaxing)
 .debug_str     0x00000000000023a8       0x94 .build/obj_kb_default/common/action_layer.o
                                        0x4ea (size before relaxing)
 .debug_str     0x000000000000243c      0x196 .build/obj_kb_default/common/action_util.o
                                        0x62b (size before relaxing)
 .debug_str     0x00000000000025d2       0x1a .build/obj_kb_default/common/debug.o
                                        0x200 (size before relaxing)
 .debug_str     0x00000000000025ec       0xea .build/obj_kb_default/common/eeconfig.o
                                        0x2e5 (size before relaxing)
 .debug_str     0x00000000000026d6      0x159 .build/obj_kb_default/common/avr/suspend.o
                                        0x382 (size before relaxing)
 .debug_str     0x000000000000282f       0x81 .build/obj_kb_default/common/avr/timer.o
                                        0x261 (size before relaxing)
 .debug_str     0x00000000000028b0       0x69 .build/obj_kb_default/common/avr/bootloader.o
                                        0x2aa (size before relaxing)
 .debug_str     0x0000000000002919       0x35 .build/obj_kb_default/common/bootmagic.o
                                        0xa3b (size before relaxing)
 .debug_str     0x000000000000294e       0xc2 .build/obj_kb_default/common/mousekey.o
                                        0x6a8 (size before relaxing)
 .debug_str     0x0000000000002a10      0x4cd .build/obj_kb_default/lufa.o
                                        0x9ab (size before relaxing)
 .debug_str     0x0000000000002edd      0x76e .build/obj_kb_default/descriptor.o
                                        0x9a0 (size before relaxing)
 .debug_str     0x000000000000364b       0x77 .build/obj_kb_default/protocol/lufa/LUFA-git/LUFA/Drivers/USB/Core/AVR8/Device_AVR8.o
                                        0x240 (size before relaxing)
 .debug_str     0x00000000000036c2      0x4d5 .build/obj_kb_default/protocol/lufa/LUFA-git/LUFA/Drivers/USB/Core/AVR8/EndpointStream_AVR8.o
                                        0x8a2 (size before relaxing)
 .debug_str     0x0000000000003b97      0x26d .build/obj_kb_default/protocol/lufa/LUFA-git/LUFA/Drivers/USB/Core/AVR8/Endpoint_AVR8.o
                                        0x662 (size before relaxing)
 .debug_str     0x0000000000003e04      0x1d9 .build/obj_kb_default/protocol/lufa/LUFA-git/LUFA/Drivers/USB/Core/AVR8/USBController_AVR8.o
                                        0x5a1 (size before relaxing)
 .debug_str     0x0000000000003fdd      0x176 .build/obj_kb_default/protocol/lufa/LUFA-git/LUFA/Drivers/USB/Core/AVR8/USBInterrupt_AVR8.o
                                        0x620 (size before relaxing)
 .debug_str     0x0000000000004153      0x426 .build/obj_kb_default/protocol/lufa/LUFA-git/LUFA/Drivers/USB/Core/DeviceStandardReq.o
                                        0xa14 (size before relaxing)
 .debug_str     0x0000000000004579       0x50 .build/obj_kb_default/protocol/lufa/LUFA-git/LUFA/Drivers/USB/Core/Events.o
                                        0x1e6 (size before relaxing)
 .debug_str     0x00000000000045c9       0x5e .build/obj_kb_default/protocol/lufa/LUFA-git/LUFA/Drivers/USB/Core/USBTask.o
                                        0x3c7 (size before relaxing)

.debug_loc      0x0000000000000000     0x7676
 *(.debug_loc)
 .debug_loc     0x0000000000000000       0x4c .build/obj_kb_default/keyboards/kb/keymaps/default/keymap.o
 .debug_loc     0x000000000000004c      0x908 .build/obj_kb_default/quantum/quantum.o
 .debug_loc     0x0000000000000954      0x490 .build/obj_kb_default/quantum/keymap_common.o
 .debug_loc     0x0000000000000de4      0x116 .build/obj_kb_default/quantum/keycode_config.o
 .debug_loc     0x0000000000000efa       0xf2 .build/obj_kb_default/quantum/process_keycode/process_leader.o
 .debug_loc     0x0000000000000fec      0x489 .build/obj_kb_default/quantum/matrix.o
 .debug_loc     0x0000000000001475       0xd8 .build/obj_kb_default/common/host.o
 .debug_loc     0x000000000000154d      0x205 .build/obj_kb_default/common/keyboard.o
 .debug_loc     0x0000000000001752      0x9b1 .build/obj_kb_default/common/action.o
 .debug_loc     0x0000000000002103      0x5bc .build/obj_kb_default/common/action_tapping.o
 .debug_loc     0x00000000000026bf      0x48c .build/obj_kb_default/common/action_macro.o
 .debug_loc     0x0000000000002b4b      0x938 .build/obj_kb_default/common/action_layer.o
 .debug_loc     0x0000000000003483      0x369 .build/obj_kb_default/common/action_util.o
 .debug_loc     0x00000000000037ec       0x84 .build/obj_kb_default/common/eeconfig.o
 .debug_loc     0x0000000000003870       0xd9 .build/obj_kb_default/common/avr/suspend.o
 .debug_loc     0x0000000000003949      0x2ea .build/obj_kb_default/common/avr/timer.o
 .debug_loc     0x0000000000003c33       0x48 .build/obj_kb_default/common/avr/bootloader.o
 .debug_loc     0x0000000000003c7b      0x289 .build/obj_kb_default/common/bootmagic.o
 .debug_loc     0x0000000000003f04      0x3ea .build/obj_kb_default/common/mousekey.o
 .debug_loc     0x00000000000042ee      0x671 .build/obj_kb_default/lufa.o
 .debug_loc     0x000000000000495f      0x20a .build/obj_kb_default/descriptor.o
 .debug_loc     0x0000000000004b69     0x1f97 .build/obj_kb_default/protocol/lufa/LUFA-git/LUFA/Drivers/USB/Core/AVR8/EndpointStream_AVR8.o
 .debug_loc     0x0000000000006b00      0x38d .build/obj_kb_default/protocol/lufa/LUFA-git/LUFA/Drivers/USB/Core/AVR8/Endpoint_AVR8.o
 .debug_loc     0x0000000000006e8d       0xd5 .build/obj_kb_default/protocol/lufa/LUFA-git/LUFA/Drivers/USB/Core/AVR8/USBController_AVR8.o
 .debug_loc     0x0000000000006f62      0x3f4 .build/obj_kb_default/protocol/lufa/LUFA-git/LUFA/Drivers/USB/Core/AVR8/USBInterrupt_AVR8.o
 .debug_loc     0x0000000000007356      0x2d7 .build/obj_kb_default/protocol/lufa/LUFA-git/LUFA/Drivers/USB/Core/DeviceStandardReq.o
 .debug_loc     0x000000000000762d       0x49 .build/obj_kb_default/protocol/lufa/LUFA-git/LUFA/Drivers/USB/Core/USBTask.o

.debug_macinfo
 *(.debug_macinfo)

.debug_weaknames
 *(.debug_weaknames)

.debug_funcnames
 *(.debug_funcnames)

.debug_typenames
 *(.debug_typenames)

.debug_varnames
 *(.debug_varnames)

.debug_pubtypes
 *(.debug_pubtypes)

.debug_ranges   0x0000000000000000      0xb30
 *(.debug_ranges)
 .debug_ranges  0x0000000000000000       0x28 .build/obj_kb_default/keyboards/kb/keymaps/default/keymap.o
 .debug_ranges  0x0000000000000028       0xb8 .build/obj_kb_default/quantum/quantum.o
 .debug_ranges  0x00000000000000e0       0x30 .build/obj_kb_default/quantum/keymap_common.o
 .debug_ranges  0x0000000000000110       0x10 .build/obj_kb_default/quantum/keycode_config.o
 .debug_ranges  0x0000000000000120       0x18 .build/obj_kb_default/quantum/process_keycode/process_leader.o
 .debug_ranges  0x0000000000000138       0xa8 .build/obj_kb_default/quantum/matrix.o
 .debug_ranges  0x00000000000001e0       0x50 .build/obj_kb_default/common/host.o
 .debug_ranges  0x0000000000000230       0x68 .build/obj_kb_default/common/keyboard.o
 .debug_ranges  0x0000000000000298       0x80 .build/obj_kb_default/common/action.o
 .debug_ranges  0x0000000000000318       0x60 .build/obj_kb_default/common/action_tapping.o
 .debug_ranges  0x0000000000000378       0x28 .build/obj_kb_default/common/action_macro.o
 .debug_ranges  0x00000000000003a0      0x140 .build/obj_kb_default/common/action_layer.o
 .debug_ranges  0x00000000000004e0      0x130 .build/obj_kb_default/common/action_util.o
 .debug_ranges  0x0000000000000610       0x58 .build/obj_kb_default/common/eeconfig.o
 .debug_ranges  0x0000000000000668       0x50 .build/obj_kb_default/common/avr/suspend.o
 .debug_ranges  0x00000000000006b8       0x40 .build/obj_kb_default/common/avr/timer.o
 .debug_ranges  0x00000000000006f8       0x18 .build/obj_kb_default/common/avr/bootloader.o
 .debug_ranges  0x0000000000000710       0x38 .build/obj_kb_default/common/bootmagic.o
 .debug_ranges  0x0000000000000748       0x40 .build/obj_kb_default/common/mousekey.o
 .debug_ranges  0x0000000000000788       0x70 .build/obj_kb_default/lufa.o
 .debug_ranges  0x00000000000007f8       0x28 .build/obj_kb_default/descriptor.o
 .debug_ranges  0x0000000000000820       0x10 .build/obj_kb_default/protocol/lufa/LUFA-git/LUFA/Drivers/USB/Core/AVR8/Device_AVR8.o
 .debug_ranges  0x0000000000000830      0x1f8 .build/obj_kb_default/protocol/lufa/LUFA-git/LUFA/Drivers/USB/Core/AVR8/EndpointStream_AVR8.o
 .debug_ranges  0x0000000000000a28       0x78 .build/obj_kb_default/protocol/lufa/LUFA-git/LUFA/Drivers/USB/Core/AVR8/Endpoint_AVR8.o
 .debug_ranges  0x0000000000000aa0       0x20 .build/obj_kb_default/protocol/lufa/LUFA-git/LUFA/Drivers/USB/Core/AVR8/USBController_AVR8.o
 .debug_ranges  0x0000000000000ac0       0x28 .build/obj_kb_default/protocol/lufa/LUFA-git/LUFA/Drivers/USB/Core/AVR8/USBInterrupt_AVR8.o
 .debug_ranges  0x0000000000000ae8       0x28 .build/obj_kb_default/protocol/lufa/LUFA-git/LUFA/Drivers/USB/Core/DeviceStandardReq.o
 .debug_ranges  0x0000000000000b10       0x10 .build/obj_kb_default/protocol/lufa/LUFA-git/LUFA/Drivers/USB/Core/Events.o
 .debug_ranges  0x0000000000000b20       0x10 .build/obj_kb_default/protocol/lufa/LUFA-git/LUFA/Drivers/USB/Core/USBTask.o

.debug_macro
 *(.debug_macro)
OUTPUT(.build/kb_default.elf elf32-avr)
LOAD linker stubs

Cross Reference Table

Symbol                                            File
CALLBACK_HIDParser_FilterHIDReportItem            .build/obj_kb_default/protocol/lufa/LUFA-git/LUFA/Drivers/USB/Class/Common/HIDParser.o
CALLBACK_USB_GetDescriptor                        .build/obj_kb_default/descriptor.o
                                                  .build/obj_kb_default/protocol/lufa/LUFA-git/LUFA/Drivers/USB/Core/DeviceStandardReq.o
ConfigurationDescriptor                           .build/obj_kb_default/descriptor.o
DeviceDescriptor                                  .build/obj_kb_default/descriptor.o
EVENT_USB_Device_ConfigurationChanged             .build/obj_kb_default/lufa.o
                                                  .build/obj_kb_default/protocol/lufa/LUFA-git/LUFA/Drivers/USB/Core/DeviceStandardReq.o
EVENT_USB_Device_Connect                          .build/obj_kb_default/lufa.o
                                                  .build/obj_kb_default/protocol/lufa/LUFA-git/LUFA/Drivers/USB/Core/AVR8/USBInterrupt_AVR8.o
EVENT_USB_Device_ControlRequest                   .build/obj_kb_default/lufa.o
                                                  .build/obj_kb_default/protocol/lufa/LUFA-git/LUFA/Drivers/USB/Core/DeviceStandardReq.o
EVENT_USB_Device_Disconnect                       .build/obj_kb_default/lufa.o
                                                  .build/obj_kb_default/protocol/lufa/LUFA-git/LUFA/Drivers/USB/Core/AVR8/USBInterrupt_AVR8.o
EVENT_USB_Device_Reset                            .build/obj_kb_default/lufa.o
                                                  .build/obj_kb_default/protocol/lufa/LUFA-git/LUFA/Drivers/USB/Core/AVR8/USBInterrupt_AVR8.o
EVENT_USB_Device_StartOfFrame                     .build/obj_kb_default/protocol/lufa/LUFA-git/LUFA/Drivers/USB/Core/Events.o
                                                  .build/obj_kb_default/protocol/lufa/LUFA-git/LUFA/Drivers/USB/Core/AVR8/USBInterrupt_AVR8.o
EVENT_USB_Device_Suspend                          .build/obj_kb_default/lufa.o
                                                  .build/obj_kb_default/protocol/lufa/LUFA-git/LUFA/Drivers/USB/Core/AVR8/USBInterrupt_AVR8.o
EVENT_USB_Device_WakeUp                           .build/obj_kb_default/lufa.o
                                                  .build/obj_kb_default/protocol/lufa/LUFA-git/LUFA/Drivers/USB/Core/AVR8/USBInterrupt_AVR8.o
Endpoint_ClearEndpoints                           .build/obj_kb_default/protocol/lufa/LUFA-git/LUFA/Drivers/USB/Core/AVR8/Endpoint_AVR8.o
Endpoint_ClearStatusStage                         .build/obj_kb_default/protocol/lufa/LUFA-git/LUFA/Drivers/USB/Core/AVR8/Endpoint_AVR8.o
                                                  .build/obj_kb_default/protocol/lufa/LUFA-git/LUFA/Drivers/USB/Core/DeviceStandardReq.o
                                                  .build/obj_kb_default/lufa.o
Endpoint_ConfigureEndpointTable                   .build/obj_kb_default/protocol/lufa/LUFA-git/LUFA/Drivers/USB/Core/AVR8/Endpoint_AVR8.o
Endpoint_ConfigureEndpoint_Prv                    .build/obj_kb_default/protocol/lufa/LUFA-git/LUFA/Drivers/USB/Core/AVR8/Endpoint_AVR8.o
                                                  .build/obj_kb_default/protocol/lufa/LUFA-git/LUFA/Drivers/USB/Core/AVR8/USBInterrupt_AVR8.o
                                                  .build/obj_kb_default/protocol/lufa/LUFA-git/LUFA/Drivers/USB/Core/AVR8/USBController_AVR8.o
                                                  .build/obj_kb_default/lufa.o
Endpoint_Discard_Stream                           .build/obj_kb_default/protocol/lufa/LUFA-git/LUFA/Drivers/USB/Core/AVR8/EndpointStream_AVR8.o
Endpoint_Null_Stream                              .build/obj_kb_default/protocol/lufa/LUFA-git/LUFA/Drivers/USB/Core/AVR8/EndpointStream_AVR8.o
Endpoint_Read_Control_EStream_BE                  .build/obj_kb_default/protocol/lufa/LUFA-git/LUFA/Drivers/USB/Core/AVR8/EndpointStream_AVR8.o
Endpoint_Read_Control_EStream_LE                  .build/obj_kb_default/protocol/lufa/LUFA-git/LUFA/Drivers/USB/Core/AVR8/EndpointStream_AVR8.o
Endpoint_Read_Control_Stream_BE                   .build/obj_kb_default/protocol/lufa/LUFA-git/LUFA/Drivers/USB/Core/AVR8/EndpointStream_AVR8.o
Endpoint_Read_Control_Stream_LE                   .build/obj_kb_default/protocol/lufa/LUFA-git/LUFA/Drivers/USB/Core/AVR8/EndpointStream_AVR8.o
Endpoint_Read_EStream_BE                          .build/obj_kb_default/protocol/lufa/LUFA-git/LUFA/Drivers/USB/Core/AVR8/EndpointStream_AVR8.o
Endpoint_Read_EStream_LE                          .build/obj_kb_default/protocol/lufa/LUFA-git/LUFA/Drivers/USB/Core/AVR8/EndpointStream_AVR8.o
Endpoint_Read_Stream_BE                           .build/obj_kb_default/protocol/lufa/LUFA-git/LUFA/Drivers/USB/Core/AVR8/EndpointStream_AVR8.o
Endpoint_Read_Stream_LE                           .build/obj_kb_default/protocol/lufa/LUFA-git/LUFA/Drivers/USB/Core/AVR8/EndpointStream_AVR8.o
Endpoint_WaitUntilReady                           .build/obj_kb_default/protocol/lufa/LUFA-git/LUFA/Drivers/USB/Core/AVR8/Endpoint_AVR8.o
                                                  .build/obj_kb_default/protocol/lufa/LUFA-git/LUFA/Drivers/USB/Core/AVR8/EndpointStream_AVR8.o
Endpoint_Write_Control_EStream_BE                 .build/obj_kb_default/protocol/lufa/LUFA-git/LUFA/Drivers/USB/Core/AVR8/EndpointStream_AVR8.o
Endpoint_Write_Control_EStream_LE                 .build/obj_kb_default/protocol/lufa/LUFA-git/LUFA/Drivers/USB/Core/AVR8/EndpointStream_AVR8.o
Endpoint_Write_Control_PStream_BE                 .build/obj_kb_default/protocol/lufa/LUFA-git/LUFA/Drivers/USB/Core/AVR8/EndpointStream_AVR8.o
Endpoint_Write_Control_PStream_LE                 .build/obj_kb_default/protocol/lufa/LUFA-git/LUFA/Drivers/USB/Core/AVR8/EndpointStream_AVR8.o
                                                  .build/obj_kb_default/protocol/lufa/LUFA-git/LUFA/Drivers/USB/Core/DeviceStandardReq.o
Endpoint_Write_Control_Stream_BE                  .build/obj_kb_default/protocol/lufa/LUFA-git/LUFA/Drivers/USB/Core/AVR8/EndpointStream_AVR8.o
Endpoint_Write_Control_Stream_LE                  .build/obj_kb_default/protocol/lufa/LUFA-git/LUFA/Drivers/USB/Core/AVR8/EndpointStream_AVR8.o
                                                  .build/obj_kb_default/protocol/lufa/LUFA-git/LUFA/Drivers/USB/Core/DeviceStandardReq.o
                                                  .build/obj_kb_default/lufa.o
Endpoint_Write_EStream_BE                         .build/obj_kb_default/protocol/lufa/LUFA-git/LUFA/Drivers/USB/Core/AVR8/EndpointStream_AVR8.o
Endpoint_Write_EStream_LE                         .build/obj_kb_default/protocol/lufa/LUFA-git/LUFA/Drivers/USB/Core/AVR8/EndpointStream_AVR8.o
Endpoint_Write_PStream_BE                         .build/obj_kb_default/protocol/lufa/LUFA-git/LUFA/Drivers/USB/Core/AVR8/EndpointStream_AVR8.o
Endpoint_Write_PStream_LE                         .build/obj_kb_default/protocol/lufa/LUFA-git/LUFA/Drivers/USB/Core/AVR8/EndpointStream_AVR8.o
Endpoint_Write_Stream_BE                          .build/obj_kb_default/protocol/lufa/LUFA-git/LUFA/Drivers/USB/Core/AVR8/EndpointStream_AVR8.o
Endpoint_Write_Stream_LE                          .build/obj_kb_default/protocol/lufa/LUFA-git/LUFA/Drivers/USB/Core/AVR8/EndpointStream_AVR8.o
                                                  .build/obj_kb_default/lufa.o
ExtrakeyReport                                    .build/obj_kb_default/descriptor.o
KeyboardReport                                    .build/obj_kb_default/descriptor.o
LanguageString                                    .build/obj_kb_default/descriptor.o
ManufacturerString                                .build/obj_kb_default/descriptor.o
MouseReport                                       .build/obj_kb_default/descriptor.o
NKROReport                                        .build/obj_kb_default/descriptor.o
ProductString                                     .build/obj_kb_default/descriptor.o
USB_ControlRequest                                .build/obj_kb_default/protocol/lufa/LUFA-git/LUFA/Drivers/USB/Core/USBTask.o
                                                  .build/obj_kb_default/protocol/lufa/LUFA-git/LUFA/Drivers/USB/Core/DeviceStandardReq.o
                                                  .build/obj_kb_default/protocol/lufa/LUFA-git/LUFA/Drivers/USB/Core/AVR8/Endpoint_AVR8.o
                                                  .build/obj_kb_default/protocol/lufa/LUFA-git/LUFA/Drivers/USB/Core/AVR8/EndpointStream_AVR8.o
                                                  .build/obj_kb_default/lufa.o
USB_DeviceState                                   .build/obj_kb_default/protocol/lufa/LUFA-git/LUFA/Drivers/USB/Core/USBTask.o